** Drc report for ESP32_CSI_WIFI_NODE.kicad_pcb **
** Created on 2026-05-07T14:49:08-0400 **

** Found 57 DRC violations **
[shorting_items]: Items shorting two nets (nets /DM_C and /DP_C)
    Local override; error
    @(39.2500 mm, 87.7500 mm): Track [/DM_C] on F.Cu, length 1.0000 mm
    @(38.7500 mm, 87.6450 mm): Pad A6 [/DP_C] of J2 on F.Cu
[shorting_items]: Items shorting two nets (nets /DM_C and /DP_C)
    Local override; error
    @(39.2500 mm, 87.6450 mm): Pad A7 [/DM_C] of J2 on F.Cu
    @(38.7500 mm, 87.7500 mm): Track [/DP_C] on F.Cu, length 1.0000 mm
[clearance]: Clearance violation (netclass 'Default' clearance 0.2000 mm; actual 0.0000 mm)
    Rule: netclass 'Default'; error
    @(50.0000 mm, 75.0000 mm): Via [/+5V_PROTECTED] on F.Cu - B.Cu
    @(0.5000 mm, 94.5000 mm): Zone 'GND_F_Cu_first_pass' [GND] on F.Cu, priority 0
[hole_clearance]: Hole clearance violation (board setup constraints hole clearance 0.2500 mm; actual 0.0000 mm)
    Rule: board setup constraints hole; error
    @(50.0000 mm, 75.0000 mm): Via [/+5V_PROTECTED] on F.Cu - B.Cu
    @(0.5000 mm, 94.5000 mm): Zone 'GND_F_Cu_first_pass' [GND] on F.Cu, priority 0
[clearance]: Clearance violation (netclass 'Default' clearance 0.2000 mm; actual 0.0000 mm)
    Rule: netclass 'Default'; error
    @(50.0000 mm, 75.0000 mm): Via [/+5V_PROTECTED] on F.Cu - B.Cu
    @(0.5000 mm, 94.5000 mm): Zone 'GND_B_Cu_first_pass' [GND] on B.Cu, priority 0
[hole_clearance]: Hole clearance violation (board setup constraints hole clearance 0.2500 mm; actual 0.1505 mm)
    Rule: board setup constraints hole; error
    @(50.0000 mm, 75.0000 mm): Via [/+5V_PROTECTED] on F.Cu - B.Cu
    @(0.5000 mm, 94.5000 mm): Zone 'GND_B_Cu_first_pass' [GND] on B.Cu, priority 0
[clearance]: Clearance violation (netclass 'Default' clearance 0.2000 mm; actual 0.0000 mm)
    Rule: netclass 'Default'; error
    @(20.0000 mm, 80.0000 mm): Via [/+5V_PROTECTED] on F.Cu - B.Cu
    @(0.5000 mm, 94.5000 mm): Zone 'GND_F_Cu_first_pass' [GND] on F.Cu, priority 0
[hole_clearance]: Hole clearance violation (board setup constraints hole clearance 0.2500 mm; actual 0.0000 mm)
    Rule: board setup constraints hole; error
    @(20.0000 mm, 80.0000 mm): Via [/+5V_PROTECTED] on F.Cu - B.Cu
    @(0.5000 mm, 94.5000 mm): Zone 'GND_F_Cu_first_pass' [GND] on F.Cu, priority 0
[clearance]: Clearance violation (netclass 'Default' clearance 0.2000 mm; actual 0.0000 mm)
    Rule: netclass 'Default'; error
    @(20.0000 mm, 80.0000 mm): Via [/+5V_PROTECTED] on F.Cu - B.Cu
    @(0.5000 mm, 94.5000 mm): Zone 'GND_B_Cu_first_pass' [GND] on B.Cu, priority 0
[hole_clearance]: Hole clearance violation (board setup constraints hole clearance 0.2500 mm; actual 0.0000 mm)
    Rule: board setup constraints hole; error
    @(20.0000 mm, 80.0000 mm): Via [/+5V_PROTECTED] on F.Cu - B.Cu
    @(0.5000 mm, 94.5000 mm): Zone 'GND_B_Cu_first_pass' [GND] on B.Cu, priority 0
[clearance]: Clearance violation (netclass 'Default' clearance 0.2000 mm; actual 0.0000 mm)
    Rule: netclass 'Default'; error
    @(31.0000 mm, 73.0000 mm): Via [/+5V_PROTECTED] on F.Cu - B.Cu
    @(0.5000 mm, 94.5000 mm): Zone 'GND_F_Cu_first_pass' [GND] on F.Cu, priority 0
[hole_clearance]: Hole clearance violation (board setup constraints hole clearance 0.2500 mm; actual 0.0000 mm)
    Rule: board setup constraints hole; error
    @(31.0000 mm, 73.0000 mm): Via [/+5V_PROTECTED] on F.Cu - B.Cu
    @(0.5000 mm, 94.5000 mm): Zone 'GND_F_Cu_first_pass' [GND] on F.Cu, priority 0
[clearance]: Clearance violation (netclass 'Default' clearance 0.2000 mm; actual 0.0000 mm)
    Rule: netclass 'Default'; error
    @(31.0000 mm, 73.0000 mm): Via [/+5V_PROTECTED] on F.Cu - B.Cu
    @(0.5000 mm, 94.5000 mm): Zone 'GND_B_Cu_first_pass' [GND] on B.Cu, priority 0
[hole_clearance]: Hole clearance violation (board setup constraints hole clearance 0.2500 mm; actual 0.0000 mm)
    Rule: board setup constraints hole; error
    @(31.0000 mm, 73.0000 mm): Via [/+5V_PROTECTED] on F.Cu - B.Cu
    @(0.5000 mm, 94.5000 mm): Zone 'GND_B_Cu_first_pass' [GND] on B.Cu, priority 0
[drill_out_of_range]: Hole size out of range (board setup constraints min hole 0.3000 mm; actual 0.2000 mm)
    Rule: board setup constraints; error
    @(27.1000 mm, 29.7600 mm): PTH pad 41 [GND] of U2
[drill_out_of_range]: Hole size out of range (board setup constraints min hole 0.3000 mm; actual 0.2000 mm)
    Rule: board setup constraints; error
    @(27.1000 mm, 31.1600 mm): PTH pad 41 [GND] of U2
[drill_out_of_range]: Hole size out of range (board setup constraints min hole 0.3000 mm; actual 0.2000 mm)
    Rule: board setup constraints; error
    @(27.8000 mm, 29.0600 mm): PTH pad 41 [GND] of U2
[drill_out_of_range]: Hole size out of range (board setup constraints min hole 0.3000 mm; actual 0.2000 mm)
    Rule: board setup constraints; error
    @(27.8000 mm, 30.4600 mm): PTH pad 41 [GND] of U2
[drill_out_of_range]: Hole size out of range (board setup constraints min hole 0.3000 mm; actual 0.2000 mm)
    Rule: board setup constraints; error
    @(27.8000 mm, 31.8600 mm): PTH pad 41 [GND] of U2
[drill_out_of_range]: Hole size out of range (board setup constraints min hole 0.3000 mm; actual 0.2000 mm)
    Rule: board setup constraints; error
    @(28.5000 mm, 29.7600 mm): PTH pad 41 [GND] of U2
[drill_out_of_range]: Hole size out of range (board setup constraints min hole 0.3000 mm; actual 0.2000 mm)
    Rule: board setup constraints; error
    @(28.5000 mm, 31.1600 mm): PTH pad 41 [GND] of U2
[drill_out_of_range]: Hole size out of range (board setup constraints min hole 0.3000 mm; actual 0.2000 mm)
    Rule: board setup constraints; error
    @(29.2000 mm, 29.0600 mm): PTH pad 41 [GND] of U2
[drill_out_of_range]: Hole size out of range (board setup constraints min hole 0.3000 mm; actual 0.2000 mm)
    Rule: board setup constraints; error
    @(29.2000 mm, 30.4600 mm): PTH pad 41 [GND] of U2
[drill_out_of_range]: Hole size out of range (board setup constraints min hole 0.3000 mm; actual 0.2000 mm)
    Rule: board setup constraints; error
    @(29.2000 mm, 31.8600 mm): PTH pad 41 [GND] of U2
[drill_out_of_range]: Hole size out of range (board setup constraints min hole 0.3000 mm; actual 0.2000 mm)
    Rule: board setup constraints; error
    @(29.9000 mm, 29.7600 mm): PTH pad 41 [GND] of U2
[drill_out_of_range]: Hole size out of range (board setup constraints min hole 0.3000 mm; actual 0.2000 mm)
    Rule: board setup constraints; error
    @(29.9000 mm, 31.1600 mm): PTH pad 41 [GND] of U2
[starved_thermal]: Thermal relief connection to zone incomplete (layer F.Cu; zone min spoke count 2; actual 1)
    Local override; error
    @(0.5000 mm, 94.5000 mm): Zone 'GND_F_Cu_first_pass' [GND] on F.Cu, priority 0
    @(35.8000 mm, 87.6450 mm): Pad A1 [GND] of J2 on F.Cu
[starved_thermal]: Thermal relief connection to zone incomplete (layer F.Cu; zone min spoke count 2; actual 1)
    Local override; error
    @(0.5000 mm, 94.5000 mm): Zone 'GND_F_Cu_first_pass' [GND] on F.Cu, priority 0
    @(42.2000 mm, 87.6450 mm): Pad A12 [GND] of J2 on F.Cu
[starved_thermal]: Thermal relief connection to zone incomplete (layer F.Cu; zone min spoke count 2; actual 1)
    Local override; error
    @(0.5000 mm, 94.5000 mm): Zone 'GND_F_Cu_first_pass' [GND] on F.Cu, priority 0
    @(42.2000 mm, 87.6450 mm): Pad B1 [GND] of J2 on F.Cu
[starved_thermal]: Thermal relief connection to zone incomplete (layer F.Cu; zone min spoke count 2; actual 1)
    Local override; error
    @(0.5000 mm, 94.5000 mm): Zone 'GND_F_Cu_first_pass' [GND] on F.Cu, priority 0
    @(35.8000 mm, 87.6450 mm): Pad B12 [GND] of J2 on F.Cu
[solder_mask_bridge]: Front solder mask aperture bridges items with different nets
    Rule: board setup solder mask min width; error
    @(39.2500 mm, 87.7500 mm): Track [/DM_C] on F.Cu, length 1.0000 mm
    @(38.7500 mm, 87.6450 mm): Pad A6 [/DP_C] of J2 on F.Cu
[solder_mask_bridge]: Front solder mask aperture bridges items with different nets
    Rule: board setup solder mask min width; error
    @(38.7500 mm, 87.7500 mm): Track [/DP_C] on F.Cu, length 1.0000 mm
    @(39.2500 mm, 87.6450 mm): Pad A7 [/DM_C] of J2 on F.Cu
[track_dangling]: Track has unconnected end
    Local override; warning
    @(23.7500 mm, 77.7500 mm): Track [/+5V_FUSED] on B.Cu, length 0.3536 mm
[track_dangling]: Track has unconnected end
    Local override; warning
    @(16.5000 mm, 77.5000 mm): Track [/+5V_FUSED] on B.Cu, length 6.5000 mm
[track_dangling]: Track has unconnected end
    Local override; warning
    @(13.2500 mm, 77.7500 mm): Track [/+5V_IN] on B.Cu, length 0.3536 mm
[track_dangling]: Track has unconnected end
    Local override; warning
    @(27.7500 mm, 69.5000 mm): Track [/+5V_PROTECTED] on B.Cu, length 1.0000 mm
[track_dangling]: Track has unconnected end
    Local override; warning
    @(56.7500 mm, 48.2500 mm): Track [/+5V_PROTECTED] on B.Cu, length 0.3536 mm
[track_dangling]: Track has unconnected end
    Local override; warning
    @(26.2500 mm, 43.0000 mm): Track [/+5V_PROTECTED] on B.Cu, length 0.3536 mm
[track_dangling]: Track has unconnected end
    Local override; warning
    @(56.7500 mm, 40.2500 mm): Track [/+5V_PROTECTED] on B.Cu, length 0.3536 mm
[track_dangling]: Track has unconnected end
    Local override; warning
    @(57.0000 mm, 51.0000 mm): Track [/+5V_PROTECTED] on B.Cu, length 1.0000 mm
[track_dangling]: Track has unconnected end
    Local override; warning
    @(56.7500 mm, 68.2500 mm): Track [/+5V_PROTECTED] on B.Cu, length 0.3536 mm
[track_dangling]: Track has unconnected end
    Local override; warning
    @(21.2500 mm, 24.0000 mm): Track [/+5V_PROTECTED] on B.Cu, length 18.7500 mm
[track_dangling]: Track has unconnected end
    Local override; warning
    @(14.2500 mm, 67.7500 mm): Track [/+5V_PROTECTED] on B.Cu, length 0.3536 mm
[track_dangling]: Track has unconnected end
    Local override; warning
    @(27.7500 mm, 68.5000 mm): Track [/+5V_PROTECTED] on B.Cu, length 0.5000 mm
[track_dangling]: Track has unconnected end
    Local override; warning
    @(5.2500 mm, 51.5000 mm): Track [/+5V_PROTECTED] on B.Cu, length 5.0000 mm
[track_dangling]: Track has unconnected end
    Local override; warning
    @(22.0000 mm, 79.0000 mm): Track [/+5V_PROTECTED] on B.Cu, length 2.5000 mm
[track_dangling]: Track has unconnected end
    Local override; warning
    @(56.7500 mm, 72.2500 mm): Track [/+5V_PROTECTED] on B.Cu, length 0.3536 mm
[track_dangling]: Track has unconnected end
    Local override; warning
    @(21.0000 mm, 38.2500 mm): Track [/+5V_PROTECTED] on B.Cu, length 0.3536 mm
[track_dangling]: Track has unconnected end
    Local override; warning
    @(5.2500 mm, 61.5000 mm): Track [/BOOT0] on B.Cu, length 5.0000 mm
[track_dangling]: Track has unconnected end
    Local override; warning
    @(51.5000 mm, 78.2500 mm): Track [/SHIELD] on B.Cu, length 0.3536 mm
[track_dangling]: Track has unconnected end
    Local override; warning
    @(38.7500 mm, 27.7500 mm): Track [/U0RXD] on B.Cu, length 2.4749 mm
[track_dangling]: Track has unconnected end
    Local override; warning
    @(57.2500 mm, 63.7500 mm): Track [/U0RXD] on B.Cu, length 0.3536 mm
[track_dangling]: Track has unconnected end
    Local override; warning
    @(56.7500 mm, 60.2500 mm): Track [/U0TXD] on B.Cu, length 0.3536 mm
[track_dangling]: Track has unconnected end
    Local override; warning
    @(38.7500 mm, 26.5000 mm): Track [/U0TXD] on B.Cu, length 0.3536 mm
[track_dangling]: Track has unconnected end
    Local override; warning
    @(36.5000 mm, 87.7500 mm): Track [unconnected-(J2-VBUS-PadA4)] on F.Cu, length 1.0000 mm
[track_dangling]: Track has unconnected end
    Local override; warning
    @(41.5000 mm, 87.7500 mm): Track [unconnected-(J2-VBUS-PadA4)] on F.Cu, length 1.0000 mm
[isolated_copper]: Isolated copper fill
    Local override; warning
    @(0.5000 mm, 94.5000 mm): Zone 'GND_B_Cu_first_pass' [GND] on B.Cu, priority 0

** Found 46 unconnected pads **
[unconnected_items]: Missing connection between items
    Local override; error
    @(13.8250 mm, 53.0000 mm): Pad 2 [+3V3] of R1 on F.Cu
    @(13.8250 mm, 64.0000 mm): Pad 2 [+3V3] of R2 on F.Cu
[unconnected_items]: Missing connection between items
    Local override; error
    @(13.8250 mm, 64.0000 mm): Pad 2 [+3V3] of R2 on F.Cu
    @(27.8625 mm, 68.5500 mm): Pad 1 [+3V3] of U1 on F.Cu
[unconnected_items]: Missing connection between items
    Local override; error
    @(21.2500 mm, 24.0100 mm): Pad 2 [+3V3] of U2 on F.Cu
    @(21.5000 mm, 43.0500 mm): Pad 2 [+3V3] of C3 on F.Cu
[unconnected_items]: Missing connection between items
    Local override; error
    @(21.5000 mm, 43.0500 mm): Pad 2 [+3V3] of C3 on F.Cu
    @(13.8250 mm, 53.0000 mm): Pad 2 [+3V3] of R1 on F.Cu
[unconnected_items]: Missing connection between items
    Local override; error
    @(26.5000 mm, 43.2250 mm): Pad 2 [+3V3] of C4 on F.Cu
    @(21.5000 mm, 43.0500 mm): Pad 2 [+3V3] of C3 on F.Cu
[unconnected_items]: Missing connection between items
    Local override; error
    @(27.8625 mm, 68.5500 mm): Pad 1 [+3V3] of U1 on F.Cu
    @(38.4750 mm, 69.5000 mm): Pad 2 [+3V3] of L1 on F.Cu
[unconnected_items]: Missing connection between items
    Local override; error
    @(39.8250 mm, 58.0000 mm): Pad 2 [+3V3] of R3 on F.Cu
    @(42.0000 mm, 63.0250 mm): Pad 2 [+3V3] of C7 on F.Cu
[unconnected_items]: Missing connection between items
    Local override; error
    @(42.0000 mm, 63.0250 mm): Pad 2 [+3V3] of C7 on F.Cu
    @(48.0000 mm, 63.0250 mm): Pad 2 [+3V3] of C8 on F.Cu
[unconnected_items]: Missing connection between items
    Local override; error
    @(42.0000 mm, 63.0250 mm): Pad 2 [+3V3] of C7 on F.Cu
    @(38.4750 mm, 69.5000 mm): Pad 2 [+3V3] of L1 on F.Cu
[unconnected_items]: Missing connection between items
    Local override; error
    @(48.0000 mm, 63.0250 mm): Pad 2 [+3V3] of C8 on F.Cu
    @(57.0000 mm, 48.0000 mm): Pad 1 [+3V3] of TP3 on F.Cu
[unconnected_items]: Missing connection between items
    Local override; error
    @(16.5000 mm, 77.5000 mm): Track [/+5V_FUSED] on B.Cu, length 6.5000 mm
    @(16.4000 mm, 77.5000 mm): Pad 2 [/+5V_FUSED] of F1 on F.Cu
[unconnected_items]: Missing connection between items
    Local override; error
    @(23.9375 mm, 78.0000 mm): Pad 3 [/+5V_FUSED] of Q1 on F.Cu
    @(23.7500 mm, 77.7500 mm): Track [/+5V_FUSED] on B.Cu, length 0.3536 mm
[unconnected_items]: Missing connection between items
    Local override; error
    @(13.6000 mm, 77.5000 mm): Pad 1 [/+5V_IN] of F1 on F.Cu
    @(13.2500 mm, 77.7500 mm): Track [/+5V_IN] on B.Cu, length 0.3536 mm
[unconnected_items]: Missing connection between items
    Local override; error
    @(14.0000 mm, 67.5000 mm): Pad 2 [/+5V_PROTECTED] of D3 on F.Cu
    @(14.2500 mm, 67.7500 mm): Track [/+5V_PROTECTED] on B.Cu, length 0.3536 mm
[unconnected_items]: Missing connection between items
    Local override; error
    @(21.0000 mm, 68.5500 mm): Pad 2 [/+5V_PROTECTED] of C2 on F.Cu
    @(21.0000 mm, 68.5000 mm): Track [/+5V_PROTECTED] on B.Cu, length 1.5000 mm
[unconnected_items]: Missing connection between items
    Local override; error
    @(21.0000 mm, 72.5250 mm): Pad 2 [/+5V_PROTECTED] of C5 on F.Cu
    @(21.0000 mm, 72.5000 mm): Track [/+5V_PROTECTED] on B.Cu, length 4.0000 mm
[unconnected_items]: Missing connection between items
    Local override; error
    @(22.0625 mm, 78.9500 mm): Pad 2 [/+5V_PROTECTED] of Q1 on F.Cu
    @(22.0000 mm, 79.0000 mm): Track [/+5V_PROTECTED] on B.Cu, length 2.5000 mm
[unconnected_items]: Missing connection between items
    Local override; error
    @(27.8625 mm, 69.5000 mm): Pad 2 [/+5V_PROTECTED] of U1 on F.Cu
    @(27.7500 mm, 69.5000 mm): Track [/+5V_PROTECTED] on B.Cu, length 41.0122 mm
[unconnected_items]: Missing connection between items
    Local override; error
    @(27.8625 mm, 70.4500 mm): Pad 3 [/+5V_PROTECTED] of U1 on F.Cu
    @(27.7500 mm, 69.5000 mm): Track [/+5V_PROTECTED] on B.Cu, length 1.0000 mm
[unconnected_items]: Missing connection between items
    Local override; error
    @(56.7500 mm, 40.2500 mm): Track [/+5V_PROTECTED] on B.Cu, length 0.3536 mm
    @(57.0000 mm, 40.0000 mm): Pad 1 [/+5V_PROTECTED] of TP1 on F.Cu
[unconnected_items]: Missing connection between items
    Local override; error
    @(5.1500 mm, 61.3750 mm): Pad 1 [/BOOT0] of SW1 on F.Cu
    @(5.2500 mm, 61.5000 mm): Track [/BOOT0] on B.Cu, length 5.0000 mm
[unconnected_items]: Missing connection between items
    Local override; error
    @(5.1500 mm, 66.6250 mm): Pad 1 [/BOOT0] of SW1 on F.Cu
    @(5.2500 mm, 61.5000 mm): Track [/BOOT0] on B.Cu, length 5.0000 mm
[unconnected_items]: Missing connection between items
    Local override; error
    @(5.2500 mm, 61.5000 mm): Track [/BOOT0] on B.Cu, length 5.0000 mm
    @(12.1750 mm, 64.0000 mm): Pad 1 [/BOOT0] of R2 on F.Cu
[unconnected_items]: Missing connection between items
    Local override; error
    @(12.1750 mm, 64.0000 mm): Pad 1 [/BOOT0] of R2 on F.Cu
    @(38.7500 mm, 39.2500 mm): Pad 27 [/BOOT0] of U2 on F.Cu
[unconnected_items]: Missing connection between items
    Local override; error
    @(57.0000 mm, 52.0000 mm): Pad 1 [/BOOT0] of TP4 on F.Cu
    @(38.7500 mm, 39.2500 mm): Pad 27 [/BOOT0] of U2 on F.Cu
[unconnected_items]: Missing connection between items
    Local override; error
    @(31.2500 mm, 69.5000 mm): Track [/BUCK_SW] on F.Cu, length 0.3536 mm
    @(35.5250 mm, 69.5000 mm): Pad 1 [/BUCK_SW] of L1 on F.Cu
[unconnected_items]: Missing connection between items
    Local override; error
    @(32.3250 mm, 81.5000 mm): Pad 2 [/CC1] of R6 on F.Cu
    @(37.7500 mm, 87.6450 mm): Pad A5 [/CC1] of J2 on F.Cu
[unconnected_items]: Missing connection between items
    Local override; error
    @(40.7500 mm, 87.6450 mm): Pad B5 [/CC2] of J2 on F.Cu
    @(46.8250 mm, 81.5000 mm): Pad 2 [/CC2] of R7 on F.Cu
[unconnected_items]: Missing connection between items
    Local override; error
    @(37.8625 mm, 78.0000 mm): Pad 2 [/DM_C] of U3 on F.Cu
    @(38.2500 mm, 87.6450 mm): Pad B7 [/DM_C] of J2 on F.Cu
[unconnected_items]: Missing connection between items
    Local override; error
    @(21.2500 mm, 37.9800 mm): Pad 13 [/DM_E] of U2 on F.Cu
    @(33.8250 mm, 75.0000 mm): Pad 2 [/DM_E] of R8 on F.Cu
[unconnected_items]: Missing connection between items
    Local override; error
    @(33.8250 mm, 75.0000 mm): Pad 2 [/DM_E] of R8 on F.Cu
    @(57.0000 mm, 72.0000 mm): Pad 1 [/DM_E] of TP9 on F.Cu
[unconnected_items]: Missing connection between items
    Local override; error
    @(38.7500 mm, 87.6450 mm): Pad A6 [/DP_C] of J2 on F.Cu
    @(37.8625 mm, 77.0500 mm): Pad 1 [/DP_C] of U3 on F.Cu
[unconnected_items]: Missing connection between items
    Local override; error
    @(21.2500 mm, 39.2500 mm): Pad 14 [/DP_E] of U2 on F.Cu
    @(45.8250 mm, 75.0000 mm): Pad 2 [/DP_E] of R9 on F.Cu
[unconnected_items]: Missing connection between items
    Local override; error
    @(45.8250 mm, 75.0000 mm): Pad 2 [/DP_E] of R9 on F.Cu
    @(57.0000 mm, 68.0000 mm): Pad 1 [/DP_E] of TP8 on F.Cu
[unconnected_items]: Missing connection between items
    Local override; error
    @(5.1500 mm, 51.3750 mm): Pad 1 [/ESP_EN] of SW2 on F.Cu
    @(5.1500 mm, 56.6250 mm): Pad 1 [/ESP_EN] of SW2 on F.Cu
[unconnected_items]: Missing connection between items
    Local override; error
    @(5.1500 mm, 51.3750 mm): Pad 1 [/ESP_EN] of SW2 on F.Cu
    @(12.1750 mm, 53.0000 mm): Pad 1 [/ESP_EN] of R1 on F.Cu
[unconnected_items]: Missing connection between items
    Local override; error
    @(12.1750 mm, 53.0000 mm): Pad 1 [/ESP_EN] of R1 on F.Cu
    @(21.2500 mm, 25.2800 mm): Pad 3 [/ESP_EN] of U2 on F.Cu
[unconnected_items]: Missing connection between items
    Local override; error
    @(13.7750 mm, 57.0000 mm): Pad 2 [/ESP_EN] of C1 on F.Cu
    @(12.1750 mm, 53.0000 mm): Pad 1 [/ESP_EN] of R1 on F.Cu
[unconnected_items]: Missing connection between items
    Local override; error
    @(57.0000 mm, 44.0000 mm): Pad 1 [/ESP_EN] of TP2 on F.Cu
    @(21.2500 mm, 25.2800 mm): Pad 3 [/ESP_EN] of U2 on F.Cu
[unconnected_items]: Missing connection between items
    Local override; error
    @(51.8250 mm, 78.0000 mm): Pad 2 [/SHIELD] of R5 on F.Cu
    @(51.5000 mm, 78.2500 mm): Track [/SHIELD] on B.Cu, length 0.3536 mm
[unconnected_items]: Missing connection between items
    Local override; error
    @(38.7500 mm, 25.2800 mm): Pad 38 [/STATUS_LED] of U2 on F.Cu
    @(45.8250 mm, 58.0000 mm): Pad 2 [/STATUS_LED] of R4 on F.Cu
[unconnected_items]: Missing connection between items
    Local override; error
    @(38.7500 mm, 27.7500 mm): Track [/U0RXD] on B.Cu, length 2.4749 mm
    @(38.7500 mm, 27.8200 mm): Pad 36 [/U0RXD] of U2 on F.Cu
[unconnected_items]: Missing connection between items
    Local override; error
    @(57.0000 mm, 64.0000 mm): Pad 1 [/U0RXD] of TP7 on F.Cu
    @(57.2500 mm, 63.7500 mm): Track [/U0RXD] on B.Cu, length 0.3536 mm
[unconnected_items]: Missing connection between items
    Local override; error
    @(38.7500 mm, 26.5000 mm): Track [/U0TXD] on B.Cu, length 0.3536 mm
    @(38.7500 mm, 26.5500 mm): Pad 37 [/U0TXD] of U2 on F.Cu
[unconnected_items]: Missing connection between items
    Local override; error
    @(57.0000 mm, 60.0000 mm): Pad 1 [/U0TXD] of TP6 on F.Cu
    @(56.7500 mm, 60.2500 mm): Track [/U0TXD] on B.Cu, length 0.3536 mm
[unconnected_items]: Missing connection between items
    Local override; error
    @(41.4000 mm, 87.6450 mm): Pad A9 [unconnected-(J2-VBUS-PadA4)] of J2 on F.Cu
    @(36.6000 mm, 87.6450 mm): Pad A4 [unconnected-(J2-VBUS-PadA4)] of J2 on F.Cu

** Found 0 Footprint errors **

** End of Report **
