** Drc report for ESP32_CSI_WIFI_NODE.kicad_pcb **
** Created on 2026-05-07T14:51:18-0400 **

** Found 78 DRC violations **
[shorting_items]: Items shorting two nets (nets /DM_C and /DP_C)
    Local override; error
    @(39.2500 mm, 87.7500 mm): Track [/DM_C] on F.Cu, length 1.0000 mm
    @(38.7500 mm, 87.6450 mm): Pad A6 [/DP_C] of J2 on F.Cu
[clearance]: Clearance violation (netclass 'Default' clearance 0.2000 mm; actual 0.0850 mm)
    Rule: netclass 'Default'; error
    @(10.0000 mm, 75.0000 mm): Via [GND] on F.Cu - B.Cu
    @(10.5000 mm, 63.5000 mm): Track [/U0TXD] on B.Cu, length 19.7500 mm
[shorting_items]: Items shorting two nets (nets /BOOT0 and /DP_E)
    Local override; error
    @(38.7500 mm, 39.2500 mm): Via [/BOOT0] on F.Cu - B.Cu
    @(57.7500 mm, 39.0000 mm): Track [/DP_E] on B.Cu, length 36.2500 mm
[shorting_items]: Items shorting two nets (nets +3V3 and /ESP_EN)
    Local override; error
    @(21.2500 mm, 24.0000 mm): Track [+3V3] on B.Cu, length 18.7500 mm
    @(21.2500 mm, 25.2500 mm): Track [/ESP_EN] on B.Cu, length 0.2500 mm
[shorting_items]: Items shorting two nets (nets +3V3 and /+5V_PROTECTED)
    Local override; error
    @(39.8250 mm, 58.0000 mm): Via [+3V3] on F.Cu - B.Cu
    @(27.7500 mm, 69.5000 mm): Track [/+5V_PROTECTED] on B.Cu, length 41.0122 mm
[tracks_crossing]: Tracks crossing
    Rule: netclass 'Default'; error
    @(21.2500 mm, 24.0000 mm): Track [+3V3] on B.Cu, length 18.7500 mm
    @(21.2500 mm, 25.5000 mm): Track [/ESP_EN] on B.Cu, length 0.7071 mm
[tracks_crossing]: Tracks crossing
    Rule: netclass 'Default'; error
    @(21.2500 mm, 24.0000 mm): Track [+3V3] on B.Cu, length 18.7500 mm
    @(21.0000 mm, 38.2500 mm): Track [/DM_E] on B.Cu, length 0.3536 mm
[clearance]: Clearance violation (netclass 'Default' clearance 0.2000 mm; actual 0.1000 mm)
    Rule: netclass 'Default'; error
    @(21.2500 mm, 39.2500 mm): Via [/DP_E] on F.Cu - B.Cu
    @(20.7500 mm, 39.2500 mm): Track [/DM_E] on B.Cu, length 0.5000 mm
[shorting_items]: Items shorting two nets (nets /DP_E and /DM_E)
    Local override; error
    @(45.8250 mm, 75.0000 mm): Via [/DP_E] on F.Cu - B.Cu
    @(33.7500 mm, 75.0000 mm): Track [/DM_E] on B.Cu, length 16.7500 mm
[shorting_items]: Items shorting two nets (nets +3V3 and /DM_E)
    Local override; error
    @(21.2500 mm, 24.0000 mm): Track [+3V3] on B.Cu, length 18.7500 mm
    @(21.2500 mm, 37.9800 mm): Via [/DM_E] on F.Cu - B.Cu
[tracks_crossing]: Tracks crossing
    Rule: netclass 'Default'; error
    @(38.7500 mm, 39.2500 mm): Track [/BOOT0] on B.Cu, length 1.0607 mm
    @(57.7500 mm, 39.0000 mm): Track [/DP_E] on B.Cu, length 36.2500 mm
[shorting_items]: Items shorting two nets (nets /DM_E and /DP_E)
    Local override; error
    @(33.7500 mm, 75.0000 mm): Track [/DM_E] on B.Cu, length 16.7500 mm
    @(45.8250 mm, 75.0000 mm): Via [/DP_E] on F.Cu - B.Cu
[shorting_items]: Items shorting two nets (nets +3V3 and /DM_E)
    Local override; error
    @(21.2500 mm, 24.0000 mm): Track [+3V3] on B.Cu, length 18.7500 mm
    @(21.0000 mm, 38.5000 mm): Track [/DM_E] on B.Cu, length 0.2500 mm
[clearance]: Clearance violation (netclass 'Default' clearance 0.2000 mm; actual 0.1000 mm)
    Rule: netclass 'Default'; error
    @(21.2500 mm, 39.2500 mm): Via [/DP_E] on F.Cu - B.Cu
    @(20.5000 mm, 39.5000 mm): Track [/DM_E] on B.Cu, length 0.3536 mm
[clearance]: Clearance violation (netclass 'Default' clearance 0.2000 mm; actual 0.1250 mm)
    Rule: netclass 'Default'; error
    @(27.5000 mm, 69.2500 mm): Track [/+5V_PROTECTED] on B.Cu, length 0.3536 mm
    @(27.7500 mm, 68.5000 mm): Track [+3V3] on B.Cu, length 0.5000 mm
[clearance]: Clearance violation (netclass 'Default' clearance 0.2000 mm; actual 0.0418 mm)
    Rule: netclass 'Default'; error
    @(27.7500 mm, 69.5000 mm): Track [/+5V_PROTECTED] on B.Cu, length 41.0122 mm
    @(27.8630 mm, 68.5500 mm): Via [+3V3] on F.Cu - B.Cu
[tracks_crossing]: Tracks crossing
    Rule: netclass 'Default'; error
    @(21.2500 mm, 24.0000 mm): Track [+3V3] on B.Cu, length 18.7500 mm
    @(21.5000 mm, 39.0000 mm): Track [/DP_E] on B.Cu, length 0.3536 mm
[tracks_crossing]: Tracks crossing
    Rule: netclass 'Default'; error
    @(45.7500 mm, 75.0000 mm): Track [/DP_E] on B.Cu, length 3.8891 mm
    @(33.7500 mm, 75.0000 mm): Track [/DM_E] on B.Cu, length 16.7500 mm
[shorting_items]: Items shorting two nets (nets +3V3 and /DM_E)
    Local override; error
    @(21.2500 mm, 24.0000 mm): Track [+3V3] on B.Cu, length 18.7500 mm
    @(20.7500 mm, 38.7500 mm): Track [/DM_E] on B.Cu, length 0.3536 mm
[clearance]: Clearance violation (netclass 'Default' clearance 0.2000 mm; actual 0.0850 mm)
    Rule: netclass 'Default'; error
    @(47.0000 mm, 75.5000 mm): Track [/U0TXD] on B.Cu, length 3.7500 mm
    @(50.0000 mm, 75.0000 mm): Via [GND] on F.Cu - B.Cu
[clearance]: Clearance violation (netclass 'Default' clearance 0.2000 mm; actual 0.1656 mm)
    Rule: netclass 'Default'; error
    @(27.5000 mm, 69.2500 mm): Track [/+5V_PROTECTED] on B.Cu, length 0.3536 mm
    @(27.2500 mm, 68.5000 mm): Track [+3V3] on B.Cu, length 0.3536 mm
[shorting_items]: Items shorting two nets (nets +3V3 and /DP_E)
    Local override; error
    @(21.2500 mm, 24.0000 mm): Track [+3V3] on B.Cu, length 18.7500 mm
    @(57.7500 mm, 39.0000 mm): Track [/DP_E] on B.Cu, length 36.2500 mm
[shorting_items]: Items shorting two nets (nets GND and +3V3)
    Local override; error
    @(20.0000 mm, 80.0000 mm): Via [GND] on F.Cu - B.Cu
    @(18.5000 mm, 79.7500 mm): Track [+3V3] on B.Cu, length 2.5000 mm
[clearance]: Clearance violation (netclass 'Default' clearance 0.2000 mm; actual 0.1135 mm)
    Rule: netclass 'Default'; error
    @(27.5000 mm, 69.2500 mm): Track [/+5V_PROTECTED] on B.Cu, length 0.3536 mm
    @(27.8630 mm, 68.5500 mm): Via [+3V3] on F.Cu - B.Cu
[shorting_items]: Items shorting two nets (nets +3V3 and /DP_E)
    Local override; error
    @(21.2500 mm, 24.0000 mm): Track [+3V3] on B.Cu, length 18.7500 mm
    @(21.2500 mm, 39.2500 mm): Via [/DP_E] on F.Cu - B.Cu
[tracks_crossing]: Tracks crossing
    Rule: netclass 'Default'; error
    @(45.7500 mm, 75.0000 mm): Track [/DP_E] on B.Cu, length 8.0000 mm
    @(33.7500 mm, 75.0000 mm): Track [/DM_E] on B.Cu, length 16.7500 mm
[shorting_items]: Items shorting two nets (nets /+5V_PROTECTED and +3V3)
    Local override; error
    @(27.7500 mm, 69.5000 mm): Track [/+5V_PROTECTED] on B.Cu, length 41.0122 mm
    @(40.0000 mm, 58.2500 mm): Track [+3V3] on B.Cu, length 0.3536 mm
[clearance]: Clearance violation (netclass 'Default' clearance 0.2000 mm; actual 0.1750 mm)
    Rule: netclass 'Default'; error
    @(12.7500 mm, 56.7500 mm): Track [/DM_E] on B.Cu, length 4.5000 mm
    @(12.1750 mm, 53.0000 mm): Via [/ESP_EN] on F.Cu - B.Cu
[shorting_items]: Items shorting two nets (nets GND and /DM_E)
    Local override; error
    @(50.0000 mm, 75.0000 mm): Via [GND] on F.Cu - B.Cu
    @(33.7500 mm, 75.0000 mm): Track [/DM_E] on B.Cu, length 16.7500 mm
[clearance]: Clearance violation (netclass 'Default' clearance 0.2000 mm; actual 0.0750 mm)
    Rule: netclass 'Default'; error
    @(50.0000 mm, 75.0000 mm): Via [GND] on F.Cu - B.Cu
    @(50.5000 mm, 75.0000 mm): Track [/DM_E] on B.Cu, length 0.3536 mm
[clearance]: Clearance violation (netclass 'Default' clearance 0.2000 mm; actual 0.1750 mm)
    Rule: netclass 'Default'; error
    @(12.7500 mm, 56.7500 mm): Track [/DM_E] on B.Cu, length 4.5000 mm
    @(12.1750 mm, 53.0000 mm): Via [/ESP_EN] on F.Cu - B.Cu
[shorting_items]: Items shorting two nets (nets +3V3 and /ESP_EN)
    Local override; error
    @(21.2500 mm, 24.0000 mm): Track [+3V3] on B.Cu, length 18.7500 mm
    @(21.2500 mm, 25.2800 mm): Via [/ESP_EN] on F.Cu - B.Cu
[shorting_items]: Items shorting two nets (nets /DP_C and /DM_C)
    Local override; error
    @(38.7500 mm, 87.7500 mm): Track [/DP_C] on F.Cu, length 1.0000 mm
    @(39.2500 mm, 87.7500 mm): Track [/DM_C] on F.Cu, length 1.0000 mm
[clearance]: Clearance violation (netclass 'Default' clearance 0.2000 mm; actual 0.1135 mm)
    Rule: netclass 'Default'; error
    @(27.8630 mm, 68.5500 mm): Via [+3V3] on F.Cu - B.Cu
    @(25.0000 mm, 69.2500 mm): Track [/+5V_PROTECTED] on B.Cu, length 2.5000 mm
[drill_out_of_range]: Hole size out of range (board setup constraints min hole 0.3000 mm; actual 0.2000 mm)
    Rule: board setup constraints; error
    @(27.1000 mm, 29.7600 mm): PTH pad 41 [GND] of U2
[drill_out_of_range]: Hole size out of range (board setup constraints min hole 0.3000 mm; actual 0.2000 mm)
    Rule: board setup constraints; error
    @(27.1000 mm, 31.1600 mm): PTH pad 41 [GND] of U2
[drill_out_of_range]: Hole size out of range (board setup constraints min hole 0.3000 mm; actual 0.2000 mm)
    Rule: board setup constraints; error
    @(27.8000 mm, 29.0600 mm): PTH pad 41 [GND] of U2
[drill_out_of_range]: Hole size out of range (board setup constraints min hole 0.3000 mm; actual 0.2000 mm)
    Rule: board setup constraints; error
    @(27.8000 mm, 30.4600 mm): PTH pad 41 [GND] of U2
[drill_out_of_range]: Hole size out of range (board setup constraints min hole 0.3000 mm; actual 0.2000 mm)
    Rule: board setup constraints; error
    @(27.8000 mm, 31.8600 mm): PTH pad 41 [GND] of U2
[drill_out_of_range]: Hole size out of range (board setup constraints min hole 0.3000 mm; actual 0.2000 mm)
    Rule: board setup constraints; error
    @(28.5000 mm, 29.7600 mm): PTH pad 41 [GND] of U2
[drill_out_of_range]: Hole size out of range (board setup constraints min hole 0.3000 mm; actual 0.2000 mm)
    Rule: board setup constraints; error
    @(28.5000 mm, 31.1600 mm): PTH pad 41 [GND] of U2
[drill_out_of_range]: Hole size out of range (board setup constraints min hole 0.3000 mm; actual 0.2000 mm)
    Rule: board setup constraints; error
    @(29.2000 mm, 29.0600 mm): PTH pad 41 [GND] of U2
[drill_out_of_range]: Hole size out of range (board setup constraints min hole 0.3000 mm; actual 0.2000 mm)
    Rule: board setup constraints; error
    @(29.2000 mm, 30.4600 mm): PTH pad 41 [GND] of U2
[drill_out_of_range]: Hole size out of range (board setup constraints min hole 0.3000 mm; actual 0.2000 mm)
    Rule: board setup constraints; error
    @(29.2000 mm, 31.8600 mm): PTH pad 41 [GND] of U2
[drill_out_of_range]: Hole size out of range (board setup constraints min hole 0.3000 mm; actual 0.2000 mm)
    Rule: board setup constraints; error
    @(29.9000 mm, 29.7600 mm): PTH pad 41 [GND] of U2
[drill_out_of_range]: Hole size out of range (board setup constraints min hole 0.3000 mm; actual 0.2000 mm)
    Rule: board setup constraints; error
    @(29.9000 mm, 31.1600 mm): PTH pad 41 [GND] of U2
[starved_thermal]: Thermal relief connection to zone incomplete (layer F.Cu; zone min spoke count 2; actual 1)
    Local override; error
    @(0.5000 mm, 94.5000 mm): Zone 'GND_F_Cu_first_pass' [GND] on F.Cu, priority 0
    @(35.8000 mm, 87.6450 mm): Pad A1 [GND] of J2 on F.Cu
[starved_thermal]: Thermal relief connection to zone incomplete (layer F.Cu; zone min spoke count 2; actual 1)
    Local override; error
    @(0.5000 mm, 94.5000 mm): Zone 'GND_F_Cu_first_pass' [GND] on F.Cu, priority 0
    @(42.2000 mm, 87.6450 mm): Pad A12 [GND] of J2 on F.Cu
[starved_thermal]: Thermal relief connection to zone incomplete (layer F.Cu; zone min spoke count 2; actual 1)
    Local override; error
    @(0.5000 mm, 94.5000 mm): Zone 'GND_F_Cu_first_pass' [GND] on F.Cu, priority 0
    @(42.2000 mm, 87.6450 mm): Pad B1 [GND] of J2 on F.Cu
[starved_thermal]: Thermal relief connection to zone incomplete (layer F.Cu; zone min spoke count 2; actual 1)
    Local override; error
    @(0.5000 mm, 94.5000 mm): Zone 'GND_F_Cu_first_pass' [GND] on F.Cu, priority 0
    @(35.8000 mm, 87.6450 mm): Pad B12 [GND] of J2 on F.Cu
[solder_mask_bridge]: Front solder mask aperture bridges items with different nets
    Rule: board setup solder mask min width; error
    @(39.2500 mm, 87.7500 mm): Track [/DM_C] on F.Cu, length 1.0000 mm
    @(38.7500 mm, 87.6450 mm): Pad A6 [/DP_C] of J2 on F.Cu
[solder_mask_bridge]: Front solder mask aperture bridges items with different nets
    Rule: board setup solder mask min width; error
    @(38.7500 mm, 87.7500 mm): Track [/DP_C] on F.Cu, length 1.0000 mm
    @(39.2500 mm, 87.6450 mm): Pad A7 [/DM_C] of J2 on F.Cu
[track_dangling]: Track has unconnected end
    Local override; warning
    @(41.5000 mm, 87.7500 mm): Track [unconnected-(J2-VBUS-PadA4)] on F.Cu, length 1.0000 mm
[track_dangling]: Track has unconnected end
    Local override; warning
    @(36.5000 mm, 87.7500 mm): Track [unconnected-(J2-VBUS-PadA4)] on F.Cu, length 1.0000 mm
[holes_co_located]: Drilled holes co-located
    Local override; warning
    @(48.0000 mm, 63.0250 mm): Via [+3V3] on F.Cu - B.Cu
    @(48.0000 mm, 63.0250 mm): Via [+3V3] on F.Cu - B.Cu
[holes_co_located]: Drilled holes co-located
    Local override; warning
    @(21.5000 mm, 43.0500 mm): Via [+3V3] on F.Cu - B.Cu
    @(21.5000 mm, 43.0500 mm): Via [+3V3] on F.Cu - B.Cu
[holes_co_located]: Drilled holes co-located
    Local override; warning
    @(21.5000 mm, 43.0500 mm): Via [+3V3] on F.Cu - B.Cu
    @(21.5000 mm, 43.0500 mm): Via [+3V3] on F.Cu - B.Cu
[holes_co_located]: Drilled holes co-located
    Local override; warning
    @(13.8250 mm, 53.0000 mm): Via [+3V3] on F.Cu - B.Cu
    @(13.8250 mm, 53.0000 mm): Via [+3V3] on F.Cu - B.Cu
[holes_co_located]: Drilled holes co-located
    Local override; warning
    @(38.4750 mm, 69.5000 mm): Via [+3V3] on F.Cu - B.Cu
    @(38.4750 mm, 69.5000 mm): Via [+3V3] on F.Cu - B.Cu
[holes_co_located]: Drilled holes co-located
    Local override; warning
    @(42.0000 mm, 63.0250 mm): Via [+3V3] on F.Cu - B.Cu
    @(42.0000 mm, 63.0250 mm): Via [+3V3] on F.Cu - B.Cu
[holes_co_located]: Drilled holes co-located
    Local override; warning
    @(42.0000 mm, 63.0250 mm): Via [+3V3] on F.Cu - B.Cu
    @(42.0000 mm, 63.0250 mm): Via [+3V3] on F.Cu - B.Cu
[holes_co_located]: Drilled holes co-located
    Local override; warning
    @(42.0000 mm, 63.0250 mm): Via [+3V3] on F.Cu - B.Cu
    @(42.0000 mm, 63.0250 mm): Via [+3V3] on F.Cu - B.Cu
[holes_co_located]: Drilled holes co-located
    Local override; warning
    @(13.8250 mm, 64.0000 mm): Via [+3V3] on F.Cu - B.Cu
    @(13.8250 mm, 64.0000 mm): Via [+3V3] on F.Cu - B.Cu
[holes_co_located]: Drilled holes co-located
    Local override; warning
    @(21.5000 mm, 43.0500 mm): Via [+3V3] on F.Cu - B.Cu
    @(21.5000 mm, 43.0500 mm): Via [+3V3] on F.Cu - B.Cu
[holes_co_located]: Drilled holes co-located
    Local override; warning
    @(42.0000 mm, 63.0250 mm): Via [+3V3] on F.Cu - B.Cu
    @(42.0000 mm, 63.0250 mm): Via [+3V3] on F.Cu - B.Cu
[holes_co_located]: Drilled holes co-located
    Local override; warning
    @(42.0000 mm, 63.0250 mm): Via [+3V3] on F.Cu - B.Cu
    @(42.0000 mm, 63.0250 mm): Via [+3V3] on F.Cu - B.Cu
[holes_co_located]: Drilled holes co-located
    Local override; warning
    @(42.0000 mm, 63.0250 mm): Via [+3V3] on F.Cu - B.Cu
    @(42.0000 mm, 63.0250 mm): Via [+3V3] on F.Cu - B.Cu
[holes_co_located]: Drilled holes co-located
    Local override; warning
    @(21.0000 mm, 72.5250 mm): Via [/+5V_PROTECTED] on F.Cu - B.Cu
    @(21.0000 mm, 72.5250 mm): Via [/+5V_PROTECTED] on F.Cu - B.Cu
[holes_co_located]: Drilled holes co-located
    Local override; warning
    @(21.0000 mm, 68.5500 mm): Via [/+5V_PROTECTED] on F.Cu - B.Cu
    @(21.0000 mm, 68.5500 mm): Via [/+5V_PROTECTED] on F.Cu - B.Cu
[holes_co_located]: Drilled holes co-located
    Local override; warning
    @(21.0000 mm, 68.5500 mm): Via [/+5V_PROTECTED] on F.Cu - B.Cu
    @(21.0000 mm, 68.5500 mm): Via [/+5V_PROTECTED] on F.Cu - B.Cu
[holes_co_located]: Drilled holes co-located
    Local override; warning
    @(27.8630 mm, 69.5000 mm): Via [/+5V_PROTECTED] on F.Cu - B.Cu
    @(27.8630 mm, 69.5000 mm): Via [/+5V_PROTECTED] on F.Cu - B.Cu
[holes_co_located]: Drilled holes co-located
    Local override; warning
    @(27.8630 mm, 69.5000 mm): Via [/+5V_PROTECTED] on F.Cu - B.Cu
    @(27.8630 mm, 69.5000 mm): Via [/+5V_PROTECTED] on F.Cu - B.Cu
[holes_co_located]: Drilled holes co-located
    Local override; warning
    @(21.0000 mm, 68.5500 mm): Via [/+5V_PROTECTED] on F.Cu - B.Cu
    @(21.0000 mm, 68.5500 mm): Via [/+5V_PROTECTED] on F.Cu - B.Cu
[holes_co_located]: Drilled holes co-located
    Local override; warning
    @(27.8630 mm, 69.5000 mm): Via [/+5V_PROTECTED] on F.Cu - B.Cu
    @(27.8630 mm, 69.5000 mm): Via [/+5V_PROTECTED] on F.Cu - B.Cu
[holes_co_located]: Drilled holes co-located
    Local override; warning
    @(33.8250 mm, 75.0000 mm): Via [/DM_E] on F.Cu - B.Cu
    @(33.8250 mm, 75.0000 mm): Via [/DM_E] on F.Cu - B.Cu
[holes_co_located]: Drilled holes co-located
    Local override; warning
    @(45.8250 mm, 75.0000 mm): Via [/DP_E] on F.Cu - B.Cu
    @(45.8250 mm, 75.0000 mm): Via [/DP_E] on F.Cu - B.Cu
[holes_co_located]: Drilled holes co-located
    Local override; warning
    @(5.1500 mm, 51.3750 mm): Via [/ESP_EN] on F.Cu - B.Cu
    @(5.1500 mm, 51.3750 mm): Via [/ESP_EN] on F.Cu - B.Cu
[holes_co_located]: Drilled holes co-located
    Local override; warning
    @(12.1750 mm, 53.0000 mm): Via [/ESP_EN] on F.Cu - B.Cu
    @(12.1750 mm, 53.0000 mm): Via [/ESP_EN] on F.Cu - B.Cu

** Found 11 unconnected pads **
[unconnected_items]: Missing connection between items
    Local override; error
    @(5.2500 mm, 61.5000 mm): Track [/BOOT0] on B.Cu, length 5.0000 mm
    @(12.1750 mm, 64.0000 mm): Pad 1 [/BOOT0] of R2 on F.Cu
[unconnected_items]: Missing connection between items
    Local override; error
    @(38.7500 mm, 39.2500 mm): Pad 27 [/BOOT0] of U2 on F.Cu
    @(12.1750 mm, 64.0000 mm): Pad 1 [/BOOT0] of R2 on F.Cu
[unconnected_items]: Missing connection between items
    Local override; error
    @(31.5000 mm, 69.2500 mm): Track [/BUCK_SW] on F.Cu, length 1.5000 mm
    @(35.5250 mm, 69.5000 mm): Pad 1 [/BUCK_SW] of L1 on F.Cu
[unconnected_items]: Missing connection between items
    Local override; error
    @(32.3250 mm, 81.5000 mm): Pad 2 [/CC1] of R6 on F.Cu
    @(37.7500 mm, 87.6450 mm): Pad A5 [/CC1] of J2 on F.Cu
[unconnected_items]: Missing connection between items
    Local override; error
    @(40.7500 mm, 87.6450 mm): Pad B5 [/CC2] of J2 on F.Cu
    @(46.8250 mm, 81.5000 mm): Pad 2 [/CC2] of R7 on F.Cu
[unconnected_items]: Missing connection between items
    Local override; error
    @(37.8625 mm, 78.0000 mm): Pad 2 [/DM_C] of U3 on F.Cu
    @(38.2500 mm, 87.6450 mm): Pad B7 [/DM_C] of J2 on F.Cu
[unconnected_items]: Missing connection between items
    Local override; error
    @(38.7500 mm, 87.6450 mm): Pad A6 [/DP_C] of J2 on F.Cu
    @(37.8625 mm, 77.0500 mm): Pad 1 [/DP_C] of U3 on F.Cu
[unconnected_items]: Missing connection between items
    Local override; error
    @(12.2500 mm, 52.0000 mm): Track [/ESP_EN] on B.Cu, length 1.0000 mm
    @(13.7750 mm, 57.0000 mm): Pad 2 [/ESP_EN] of C1 on F.Cu
[unconnected_items]: Missing connection between items
    Local override; error
    @(57.0000 mm, 44.0000 mm): Pad 1 [/ESP_EN] of TP2 on F.Cu
    @(20.7500 mm, 34.5000 mm): Track [/ESP_EN] on B.Cu, length 0.3536 mm
[unconnected_items]: Missing connection between items
    Local override; error
    @(38.7500 mm, 25.2800 mm): Pad 38 [/STATUS_LED] of U2 on F.Cu
    @(45.8250 mm, 58.0000 mm): Pad 2 [/STATUS_LED] of R4 on F.Cu
[unconnected_items]: Missing connection between items
    Local override; error
    @(41.4000 mm, 87.6450 mm): Pad B4 [unconnected-(J2-VBUS-PadA4)] of J2 on F.Cu
    @(36.6000 mm, 87.6450 mm): Pad B9 [unconnected-(J2-VBUS-PadA4)] of J2 on F.Cu

** Found 0 Footprint errors **

** End of Report **
