** Drc report for ESP32_CSI_WIFI_NODE.kicad_pcb **
** Created on 2026-05-07T12:30:32-0400 **

** Found 18 DRC violations **
[drill_out_of_range]: Hole size out of range (board setup constraints min hole 0.3000 mm; actual 0.2000 mm)
    Rule: board setup constraints; error
    @(24.6000 mm, 29.7600 mm): PTH pad 41 [GND] of U2
[drill_out_of_range]: Hole size out of range (board setup constraints min hole 0.3000 mm; actual 0.2000 mm)
    Rule: board setup constraints; error
    @(24.6000 mm, 31.1600 mm): PTH pad 41 [GND] of U2
[drill_out_of_range]: Hole size out of range (board setup constraints min hole 0.3000 mm; actual 0.2000 mm)
    Rule: board setup constraints; error
    @(25.3000 mm, 29.0600 mm): PTH pad 41 [GND] of U2
[drill_out_of_range]: Hole size out of range (board setup constraints min hole 0.3000 mm; actual 0.2000 mm)
    Rule: board setup constraints; error
    @(25.3000 mm, 30.4600 mm): PTH pad 41 [GND] of U2
[drill_out_of_range]: Hole size out of range (board setup constraints min hole 0.3000 mm; actual 0.2000 mm)
    Rule: board setup constraints; error
    @(25.3000 mm, 31.8600 mm): PTH pad 41 [GND] of U2
[drill_out_of_range]: Hole size out of range (board setup constraints min hole 0.3000 mm; actual 0.2000 mm)
    Rule: board setup constraints; error
    @(26.0000 mm, 29.7600 mm): PTH pad 41 [GND] of U2
[drill_out_of_range]: Hole size out of range (board setup constraints min hole 0.3000 mm; actual 0.2000 mm)
    Rule: board setup constraints; error
    @(26.0000 mm, 31.1600 mm): PTH pad 41 [GND] of U2
[drill_out_of_range]: Hole size out of range (board setup constraints min hole 0.3000 mm; actual 0.2000 mm)
    Rule: board setup constraints; error
    @(26.7000 mm, 29.0600 mm): PTH pad 41 [GND] of U2
[drill_out_of_range]: Hole size out of range (board setup constraints min hole 0.3000 mm; actual 0.2000 mm)
    Rule: board setup constraints; error
    @(26.7000 mm, 30.4600 mm): PTH pad 41 [GND] of U2
[drill_out_of_range]: Hole size out of range (board setup constraints min hole 0.3000 mm; actual 0.2000 mm)
    Rule: board setup constraints; error
    @(26.7000 mm, 31.8600 mm): PTH pad 41 [GND] of U2
[drill_out_of_range]: Hole size out of range (board setup constraints min hole 0.3000 mm; actual 0.2000 mm)
    Rule: board setup constraints; error
    @(27.4000 mm, 29.7600 mm): PTH pad 41 [GND] of U2
[drill_out_of_range]: Hole size out of range (board setup constraints min hole 0.3000 mm; actual 0.2000 mm)
    Rule: board setup constraints; error
    @(27.4000 mm, 31.1600 mm): PTH pad 41 [GND] of U2
[silk_over_copper]: Silkscreen clipped by solder mask
    Local override; warning
    @(46.8000 mm, 50.0000 mm): Reference field of TP3
[silk_over_copper]: Silkscreen clipped by solder mask
    Local override; warning
    @(27.5000 mm, 41.0000 mm): Reference field of U2
[silk_over_copper]: Silkscreen clipped by solder mask
    Local override; warning
    @(27.5000 mm, 76.5000 mm): Reference field of J2
[silk_overlap]: Silkscreen overlap
    Rule: board setup constraints silk; warning
    @(47.0000 mm, 62.0000 mm): Reference field of D2
    @(46.8000 mm, 62.0000 mm): Reference field of TP6
[silk_overlap]: Silkscreen overlap
    Rule: board setup constraints silk; warning
    @(28.4100 mm, 76.5600 mm): Segment of U3 on F.Silkscreen
    @(27.5000 mm, 76.5000 mm): Reference field of J2
[silk_overlap]: Silkscreen overlap
    Rule: board setup constraints silk; warning
    @(38.0000 mm, 53.8000 mm): Reference field of L1
    @(36.0000 mm, 53.8900 mm): Segment of L1 on F.Silkscreen

** Found 78 unconnected pads **
[unconnected_items]: Missing connection between items
    Local override; error
    @(13.8250 mm, 74.0000 mm): Pad 2 [+3V3] of R2 on F.Cu
    @(28.8625 mm, 55.0500 mm): Pad 1 [+3V3] of U1 on F.Cu
[unconnected_items]: Missing connection between items
    Local override; error
    @(18.7500 mm, 24.0100 mm): Pad 2 [+3V3] of U2 on F.Cu
    @(13.8250 mm, 37.0000 mm): Pad 2 [+3V3] of R1 on F.Cu
[unconnected_items]: Missing connection between items
    Local override; error
    @(19.0000 mm, 43.0500 mm): Pad 2 [+3V3] of C3 on F.Cu
    @(13.8250 mm, 37.0000 mm): Pad 2 [+3V3] of R1 on F.Cu
[unconnected_items]: Missing connection between items
    Local override; error
    @(24.0000 mm, 43.2250 mm): Pad 2 [+3V3] of C4 on F.Cu
    @(19.0000 mm, 43.0500 mm): Pad 2 [+3V3] of C3 on F.Cu
[unconnected_items]: Missing connection between items
    Local override; error
    @(24.0000 mm, 43.2250 mm): Pad 2 [+3V3] of C4 on F.Cu
    @(28.8625 mm, 55.0500 mm): Pad 1 [+3V3] of U1 on F.Cu
[unconnected_items]: Missing connection between items
    Local override; error
    @(28.8625 mm, 55.0500 mm): Pad 1 [+3V3] of U1 on F.Cu
    @(39.4750 mm, 56.0000 mm): Pad 2 [+3V3] of L1 on F.Cu
[unconnected_items]: Missing connection between items
    Local override; error
    @(39.4750 mm, 56.0000 mm): Pad 2 [+3V3] of L1 on F.Cu
    @(42.0000 mm, 49.5250 mm): Pad 2 [+3V3] of C7 on F.Cu
[unconnected_items]: Missing connection between items
    Local override; error
    @(39.4750 mm, 56.0000 mm): Pad 2 [+3V3] of L1 on F.Cu
    @(42.8250 mm, 67.0000 mm): Pad 2 [+3V3] of R3 on F.Cu
[unconnected_items]: Missing connection between items
    Local override; error
    @(42.0000 mm, 49.5250 mm): Pad 2 [+3V3] of C7 on F.Cu
    @(48.0000 mm, 49.5250 mm): Pad 2 [+3V3] of C8 on F.Cu
[unconnected_items]: Missing connection between items
    Local override; error
    @(48.0000 mm, 49.5250 mm): Pad 2 [+3V3] of C8 on F.Cu
    @(52.0000 mm, 50.0000 mm): Pad 1 [+3V3] of TP3 on F.Cu
[unconnected_items]: Missing connection between items
    Local override; error
    @(18.4000 mm, 64.0000 mm): Pad 2 [/+5V_FUSED] of F1 on F.Cu
    @(24.9375 mm, 64.0000 mm): Pad 3 [/+5V_FUSED] of Q1 on F.Cu
[unconnected_items]: Missing connection between items
    Local override; error
    @(7.5000 mm, 58.0000 mm): PTH pad 2 [/+5V_IN] of J1
    @(15.6000 mm, 64.0000 mm): Pad 1 [/+5V_IN] of F1 on F.Cu
[unconnected_items]: Missing connection between items
    Local override; error
    @(22.0000 mm, 54.0500 mm): Pad 2 [/+5V_PROTECTED] of C2 on F.Cu
    @(22.0000 mm, 58.5250 mm): Pad 2 [/+5V_PROTECTED] of C5 on F.Cu
[unconnected_items]: Missing connection between items
    Local override; error
    @(22.0000 mm, 54.0500 mm): Pad 2 [/+5V_PROTECTED] of C2 on F.Cu
    @(16.0000 mm, 53.0000 mm): Pad 2 [/+5V_PROTECTED] of D3 on F.Cu
[unconnected_items]: Missing connection between items
    Local override; error
    @(22.0000 mm, 58.5250 mm): Pad 2 [/+5V_PROTECTED] of C5 on F.Cu
    @(23.0625 mm, 64.9500 mm): Pad 2 [/+5V_PROTECTED] of Q1 on F.Cu
[unconnected_items]: Missing connection between items
    Local override; error
    @(22.0000 mm, 58.5250 mm): Pad 2 [/+5V_PROTECTED] of C5 on F.Cu
    @(28.8625 mm, 56.9500 mm): Pad 3 [/+5V_PROTECTED] of U1 on F.Cu
[unconnected_items]: Missing connection between items
    Local override; error
    @(28.8625 mm, 56.0000 mm): Pad 2 [/+5V_PROTECTED] of U1 on F.Cu
    @(52.0000 mm, 42.0000 mm): Pad 1 [/+5V_PROTECTED] of TP1 on F.Cu
[unconnected_items]: Missing connection between items
    Local override; error
    @(28.8625 mm, 56.9500 mm): Pad 3 [/+5V_PROTECTED] of U1 on F.Cu
    @(28.8625 mm, 56.0000 mm): Pad 2 [/+5V_PROTECTED] of U1 on F.Cu
[unconnected_items]: Missing connection between items
    Local override; error
    @(5.1500 mm, 71.3750 mm): Pad 1 [/BOOT0] of SW1 on F.Cu
    @(5.1500 mm, 76.6250 mm): Pad 1 [/BOOT0] of SW1 on F.Cu
[unconnected_items]: Missing connection between items
    Local override; error
    @(5.1500 mm, 71.3750 mm): Pad 1 [/BOOT0] of SW1 on F.Cu
    @(12.1750 mm, 74.0000 mm): Pad 1 [/BOOT0] of R2 on F.Cu
[unconnected_items]: Missing connection between items
    Local override; error
    @(36.2500 mm, 39.2500 mm): Pad 27 [/BOOT0] of U2 on F.Cu
    @(12.1750 mm, 74.0000 mm): Pad 1 [/BOOT0] of R2 on F.Cu
[unconnected_items]: Missing connection between items
    Local override; error
    @(52.0000 mm, 54.0000 mm): Pad 1 [/BOOT0] of TP4 on F.Cu
    @(36.2500 mm, 39.2500 mm): Pad 27 [/BOOT0] of U2 on F.Cu
[unconnected_items]: Missing connection between items
    Local override; error
    @(28.7750 mm, 51.0000 mm): Pad 2 [/BUCK_BST] of C6 on F.Cu
    @(31.1375 mm, 55.0500 mm): Pad 6 [/BUCK_BST] of U1 on F.Cu
[unconnected_items]: Missing connection between items
    Local override; error
    @(27.2250 mm, 51.0000 mm): Pad 1 [/BUCK_SW] of C6 on F.Cu
    @(31.1375 mm, 56.0000 mm): Pad 5 [/BUCK_SW] of U1 on F.Cu
[unconnected_items]: Missing connection between items
    Local override; error
    @(31.1375 mm, 56.0000 mm): Pad 5 [/BUCK_SW] of U1 on F.Cu
    @(36.5250 mm, 56.0000 mm): Pad 1 [/BUCK_SW] of L1 on F.Cu
[unconnected_items]: Missing connection between items
    Local override; error
    @(21.8250 mm, 80.0000 mm): Pad 2 [/CC1] of R6 on F.Cu
    @(23.8200 mm, 85.7500 mm): Pad A5 [/CC1] of J2 on F.Cu
[unconnected_items]: Missing connection between items
    Local override; error
    @(23.8200 mm, 82.7500 mm): Pad B5 [/CC2] of J2 on F.Cu
    @(34.8250 mm, 80.0000 mm): Pad 2 [/CC2] of R7 on F.Cu
[unconnected_items]: Missing connection between items
    Local override; error
    @(23.8200 mm, 84.2500 mm): Pad A7 [/DM_C] of J2 on F.Cu
    @(26.3625 mm, 75.0000 mm): Pad 2 [/DM_C] of U3 on F.Cu
[unconnected_items]: Missing connection between items
    Local override; error
    @(23.8200 mm, 85.2500 mm): Pad B7 [/DM_C] of J2 on F.Cu
    @(23.8200 mm, 84.2500 mm): Pad A7 [/DM_C] of J2 on F.Cu
[unconnected_items]: Missing connection between items
    Local override; error
    @(26.3625 mm, 75.0000 mm): Pad 2 [/DM_C] of U3 on F.Cu
    @(23.1750 mm, 68.0000 mm): Pad 1 [/DM_C] of R8 on F.Cu
[unconnected_items]: Missing connection between items
    Local override; error
    @(18.7500 mm, 37.9800 mm): Pad 13 [/DM_E] of U2 on F.Cu
    @(24.8250 mm, 68.0000 mm): Pad 2 [/DM_E] of R8 on F.Cu
[unconnected_items]: Missing connection between items
    Local override; error
    @(24.8250 mm, 68.0000 mm): Pad 2 [/DM_E] of R8 on F.Cu
    @(52.0000 mm, 74.0000 mm): Pad 1 [/DM_E] of TP9 on F.Cu
[unconnected_items]: Missing connection between items
    Local override; error
    @(23.8200 mm, 83.7500 mm): Pad B6 [/DP_C] of J2 on F.Cu
    @(23.8200 mm, 84.7500 mm): Pad A6 [/DP_C] of J2 on F.Cu
[unconnected_items]: Missing connection between items
    Local override; error
    @(26.3625 mm, 74.0500 mm): Pad 1 [/DP_C] of U3 on F.Cu
    @(23.8200 mm, 83.7500 mm): Pad B6 [/DP_C] of J2 on F.Cu
[unconnected_items]: Missing connection between items
    Local override; error
    @(30.1750 mm, 68.0000 mm): Pad 1 [/DP_C] of R9 on F.Cu
    @(26.3625 mm, 74.0500 mm): Pad 1 [/DP_C] of U3 on F.Cu
[unconnected_items]: Missing connection between items
    Local override; error
    @(18.7500 mm, 39.2500 mm): Pad 14 [/DP_E] of U2 on F.Cu
    @(31.8250 mm, 68.0000 mm): Pad 2 [/DP_E] of R9 on F.Cu
[unconnected_items]: Missing connection between items
    Local override; error
    @(31.8250 mm, 68.0000 mm): Pad 2 [/DP_E] of R9 on F.Cu
    @(52.0000 mm, 70.0000 mm): Pad 1 [/DP_E] of TP8 on F.Cu
[unconnected_items]: Missing connection between items
    Local override; error
    @(5.1500 mm, 35.3750 mm): Pad 1 [/ESP_EN] of SW2 on F.Cu
    @(5.1500 mm, 40.6250 mm): Pad 1 [/ESP_EN] of SW2 on F.Cu
[unconnected_items]: Missing connection between items
    Local override; error
    @(5.1500 mm, 35.3750 mm): Pad 1 [/ESP_EN] of SW2 on F.Cu
    @(12.1750 mm, 37.0000 mm): Pad 1 [/ESP_EN] of R1 on F.Cu
[unconnected_items]: Missing connection between items
    Local override; error
    @(12.1750 mm, 37.0000 mm): Pad 1 [/ESP_EN] of R1 on F.Cu
    @(18.7500 mm, 25.2800 mm): Pad 3 [/ESP_EN] of U2 on F.Cu
[unconnected_items]: Missing connection between items
    Local override; error
    @(13.7750 mm, 41.0000 mm): Pad 2 [/ESP_EN] of C1 on F.Cu
    @(12.1750 mm, 37.0000 mm): Pad 1 [/ESP_EN] of R1 on F.Cu
[unconnected_items]: Missing connection between items
    Local override; error
    @(13.7750 mm, 41.0000 mm): Pad 2 [/ESP_EN] of C1 on F.Cu
    @(52.0000 mm, 46.0000 mm): Pad 1 [/ESP_EN] of TP2 on F.Cu
[unconnected_items]: Missing connection between items
    Local override; error
    @(41.1750 mm, 67.0000 mm): Pad 1 [/PLED] of R3 on F.Cu
    @(42.7875 mm, 64.0000 mm): Pad 2 [/PLED] of D1 on F.Cu
[unconnected_items]: Missing connection between items
    Local override; error
    @(24.3950 mm, 80.1800 mm): PTH pad S1 [/SHIELD] of J2
    @(24.3950 mm, 88.8200 mm): PTH pad S1 [/SHIELD] of J2
[unconnected_items]: Missing connection between items
    Local override; error
    @(24.3950 mm, 88.8200 mm): PTH pad S1 [/SHIELD] of J2
    @(28.5750 mm, 88.8200 mm): PTH pad S1 [/SHIELD] of J2
[unconnected_items]: Missing connection between items
    Local override; error
    @(28.5750 mm, 80.1800 mm): PTH pad S1 [/SHIELD] of J2
    @(24.3950 mm, 80.1800 mm): PTH pad S1 [/SHIELD] of J2
[unconnected_items]: Missing connection between items
    Local override; error
    @(42.8250 mm, 77.0000 mm): Pad 2 [/SHIELD] of R5 on F.Cu
    @(28.5750 mm, 80.1800 mm): PTH pad S1 [/SHIELD] of J2
[unconnected_items]: Missing connection between items
    Local override; error
    @(46.1750 mm, 67.0000 mm): Pad 1 [/SLED] of R4 on F.Cu
    @(47.7875 mm, 64.0000 mm): Pad 2 [/SLED] of D2 on F.Cu
[unconnected_items]: Missing connection between items
    Local override; error
    @(36.2500 mm, 25.2800 mm): Pad 38 [/STATUS_LED] of U2 on F.Cu
    @(47.8250 mm, 67.0000 mm): Pad 2 [/STATUS_LED] of R4 on F.Cu
[unconnected_items]: Missing connection between items
    Local override; error
    @(36.2500 mm, 27.8200 mm): Pad 36 [/U0RXD] of U2 on F.Cu
    @(52.0000 mm, 66.0000 mm): Pad 1 [/U0RXD] of TP7 on F.Cu
[unconnected_items]: Missing connection between items
    Local override; error
    @(36.2500 mm, 26.5500 mm): Pad 37 [/U0TXD] of U2 on F.Cu
    @(52.0000 mm, 62.0000 mm): Pad 1 [/U0TXD] of TP6 on F.Cu
[unconnected_items]: Missing connection between items
    Local override; error
    @(6.8500 mm, 35.3750 mm): Pad 2 [GND] of SW2 on F.Cu
    @(6.8500 mm, 40.6250 mm): Pad 2 [GND] of SW2 on F.Cu
[unconnected_items]: Missing connection between items
    Local override; error
    @(6.8500 mm, 40.6250 mm): Pad 2 [GND] of SW2 on F.Cu
    @(12.2250 mm, 41.0000 mm): Pad 1 [GND] of C1 on F.Cu
[unconnected_items]: Missing connection between items
    Local override; error
    @(6.8500 mm, 71.3750 mm): Pad 2 [GND] of SW1 on F.Cu
    @(6.8500 mm, 76.6250 mm): Pad 2 [GND] of SW1 on F.Cu
[unconnected_items]: Missing connection between items
    Local override; error
    @(7.5000 mm, 64.0000 mm): PTH pad 1 [GND] of J1
    @(6.8500 mm, 71.3750 mm): Pad 2 [GND] of SW1 on F.Cu
[unconnected_items]: Missing connection between items
    Local override; error
    @(7.5000 mm, 64.0000 mm): PTH pad 1 [GND] of J1
    @(16.0000 mm, 57.0000 mm): Pad 1 [GND] of D3 on F.Cu
[unconnected_items]: Missing connection between items
    Local override; error
    @(12.2250 mm, 41.0000 mm): Pad 1 [GND] of C1 on F.Cu
    @(19.0000 mm, 44.9500 mm): Pad 1 [GND] of C3 on F.Cu
[unconnected_items]: Missing connection between items
    Local override; error
    @(22.0000 mm, 55.9500 mm): Pad 1 [GND] of C2 on F.Cu
    @(16.0000 mm, 57.0000 mm): Pad 1 [GND] of D3 on F.Cu
[unconnected_items]: Missing connection between items
    Local override; error
    @(22.0000 mm, 55.9500 mm): Pad 1 [GND] of C2 on F.Cu
    @(31.1375 mm, 56.9500 mm): Pad 4 [GND] of U1 on F.Cu
[unconnected_items]: Missing connection between items
    Local override; error
    @(22.0000 mm, 61.4750 mm): Pad 1 [GND] of C5 on F.Cu
    @(23.0625 mm, 63.0500 mm): Pad 1 [GND] of Q1 on F.Cu
[unconnected_items]: Missing connection between items
    Local override; error
    @(22.0000 mm, 61.4750 mm): Pad 1 [GND] of C5 on F.Cu
    @(22.0000 mm, 55.9500 mm): Pad 1 [GND] of C2 on F.Cu
[unconnected_items]: Missing connection between items
    Local override; error
    @(23.8200 mm, 81.3000 mm): Pad A12 [GND] of J2 on F.Cu
    @(20.1750 mm, 80.0000 mm): Pad 1 [GND] of R6 on F.Cu
[unconnected_items]: Missing connection between items
    Local override; error
    @(23.8200 mm, 81.3000 mm): Pad A12 [GND] of J2 on F.Cu
    @(23.8200 mm, 87.7000 mm): Pad B12 [GND] of J2 on F.Cu
[unconnected_items]: Missing connection between items
    Local override; error
    @(24.0000 mm, 44.7750 mm): Pad 1 [GND] of C4 on F.Cu
    @(19.0000 mm, 44.9500 mm): Pad 1 [GND] of C3 on F.Cu
[unconnected_items]: Missing connection between items
    Local override; error
    @(24.0000 mm, 44.7750 mm): Pad 1 [GND] of C4 on F.Cu
    @(22.0000 mm, 55.9500 mm): Pad 1 [GND] of C2 on F.Cu
[unconnected_items]: Missing connection between items
    Local override; error
    @(25.3000 mm, 29.0600 mm): PTH pad 41 [GND] of U2
    @(18.7500 mm, 22.7400 mm): Pad 1 [GND] of U2 on F.Cu
[unconnected_items]: Missing connection between items
    Local override; error
    @(25.3000 mm, 31.8600 mm): PTH pad 41 [GND] of U2
    @(24.0000 mm, 44.7750 mm): Pad 1 [GND] of C4 on F.Cu
[unconnected_items]: Missing connection between items
    Local override; error
    @(26.3625 mm, 75.9500 mm): Pad 3 [GND] of U3 on F.Cu
    @(23.8200 mm, 81.3000 mm): Pad A12 [GND] of J2 on F.Cu
[unconnected_items]: Missing connection between items
    Local override; error
    @(27.4000 mm, 29.7600 mm): PTH pad 41 [GND] of U2
    @(36.2500 mm, 22.7400 mm): Pad 40 [GND] of U2 on F.Cu
[unconnected_items]: Missing connection between items
    Local override; error
    @(31.1375 mm, 56.9500 mm): Pad 4 [GND] of U1 on F.Cu
    @(42.0000 mm, 52.4750 mm): Pad 1 [GND] of C7 on F.Cu
[unconnected_items]: Missing connection between items
    Local override; error
    @(33.1750 mm, 80.0000 mm): Pad 1 [GND] of R7 on F.Cu
    @(26.3625 mm, 75.9500 mm): Pad 3 [GND] of U3 on F.Cu
[unconnected_items]: Missing connection between items
    Local override; error
    @(41.1750 mm, 77.0000 mm): Pad 1 [GND] of R5 on F.Cu
    @(33.1750 mm, 80.0000 mm): Pad 1 [GND] of R7 on F.Cu
[unconnected_items]: Missing connection between items
    Local override; error
    @(41.1750 mm, 77.0000 mm): Pad 1 [GND] of R5 on F.Cu
    @(41.2125 mm, 64.0000 mm): Pad 1 [GND] of D1 on F.Cu
[unconnected_items]: Missing connection between items
    Local override; error
    @(41.2125 mm, 64.0000 mm): Pad 1 [GND] of D1 on F.Cu
    @(46.2125 mm, 64.0000 mm): Pad 1 [GND] of D2 on F.Cu
[unconnected_items]: Missing connection between items
    Local override; error
    @(46.2125 mm, 64.0000 mm): Pad 1 [GND] of D2 on F.Cu
    @(52.0000 mm, 58.0000 mm): Pad 1 [GND] of TP5 on F.Cu
[unconnected_items]: Missing connection between items
    Local override; error
    @(48.0000 mm, 52.4750 mm): Pad 1 [GND] of C8 on F.Cu
    @(42.0000 mm, 52.4750 mm): Pad 1 [GND] of C7 on F.Cu
[unconnected_items]: Missing connection between items
    Local override; error
    @(48.0000 mm, 52.4750 mm): Pad 1 [GND] of C8 on F.Cu
    @(52.0000 mm, 58.0000 mm): Pad 1 [GND] of TP5 on F.Cu
[unconnected_items]: Missing connection between items
    Local override; error
    @(23.8200 mm, 82.1000 mm): Pad A9 [unconnected-(J2-VBUS-PadA4)] of J2 on F.Cu
    @(23.8200 mm, 86.9000 mm): Pad A4 [unconnected-(J2-VBUS-PadA4)] of J2 on F.Cu

** Found 0 Footprint errors **

** End of Report **
