** Drc report for ESP32_CSI_WIFI_NODE.kicad_pcb **
** Created on 2026-05-07T11:16:50-0400 **

** Found 73 DRC violations **
[clearance]: Clearance violation (netclass 'Default' clearance 0.2000 mm; actual 0.0500 mm)
    Rule: netclass 'Default'; error
    @(23.2250 mm, 61.0000 mm): Pad 1 [GND] of C1 on F.Cu
    @(23.3250 mm, 62.0000 mm): Pad 2 [/DP_E] of R9 on F.Cu
[clearance]: Clearance violation (netclass 'Default' clearance 0.2000 mm; actual 0.0250 mm)
    Rule: netclass 'Default'; error
    @(12.0150 mm, 40.5000 mm): Pad 15 [unconnected-(U2-IO3-Pad15)] of U2 on F.Cu
    @(12.0000 mm, 41.7250 mm): Pad 2 [+3V3] of C4 on F.Cu
[clearance]: Clearance violation (netclass 'Default' clearance 0.2000 mm; actual 0.0565 mm)
    Rule: netclass 'Default'; error
    @(19.2250 mm, 47.0000 mm): Pad 1 [/BUCK_SW] of C6 on F.Cu
    @(18.0000 mm, 46.0250 mm): Pad 2 [/+5V_PROTECTED] of C5 on F.Cu
[courtyards_overlap]: Courtyards overlap
    Rule: board setup constraints courtyard; error
    @(29.5000 mm, 45.5000 mm): Footprint C8
    @(27.0000 mm, 50.0000 mm): Footprint L1
[courtyards_overlap]: Courtyards overlap
    Rule: board setup constraints courtyard; error
    @(24.0000 mm, 61.0000 mm): Footprint C1
    @(22.5000 mm, 62.0000 mm): Footprint R9
[courtyards_overlap]: Courtyards overlap
    Rule: board setup constraints courtyard; error
    @(6.0000 mm, 63.0000 mm): Footprint SW1
    @(7.0000 mm, 57.5000 mm): Footprint J1
[courtyards_overlap]: Courtyards overlap
    Rule: board setup constraints courtyard; error
    @(22.5000 mm, 70.5000 mm): Footprint TP6
    @(19.0000 mm, 77.0000 mm): Footprint J2
[courtyards_overlap]: Courtyards overlap
    Rule: board setup constraints courtyard; error
    @(26.0000 mm, 70.5000 mm): Footprint TP7
    @(26.0000 mm, 69.0000 mm): Footprint R7
[courtyards_overlap]: Courtyards overlap
    Rule: board setup constraints courtyard; error
    @(12.0000 mm, 52.0000 mm): Footprint D3
    @(7.0000 mm, 57.5000 mm): Footprint J1
[courtyards_overlap]: Courtyards overlap
    Rule: board setup constraints courtyard; error
    @(12.0000 mm, 70.5000 mm): Footprint TP3
    @(12.0000 mm, 69.0000 mm): Footprint R6
[courtyards_overlap]: Courtyards overlap
    Rule: board setup constraints courtyard; error
    @(33.0000 mm, 70.5000 mm): Footprint TP9
    @(34.0000 mm, 69.0000 mm): Footprint R4
[courtyards_overlap]: Courtyards overlap
    Rule: board setup constraints courtyard; error
    @(19.0000 mm, 28.0000 mm): Footprint U2
    @(12.0000 mm, 42.5000 mm): Footprint C4
[courtyards_overlap]: Courtyards overlap
    Rule: board setup constraints courtyard; error
    @(12.0000 mm, 42.5000 mm): Footprint C4
    @(7.0000 mm, 57.5000 mm): Footprint J1
[courtyards_overlap]: Courtyards overlap
    Rule: board setup constraints courtyard; error
    @(20.0000 mm, 47.0000 mm): Footprint C6
    @(18.0000 mm, 47.5000 mm): Footprint C5
[courtyards_overlap]: Courtyards overlap
    Rule: board setup constraints courtyard; error
    @(27.0000 mm, 50.0000 mm): Footprint L1
    @(25.0000 mm, 45.5000 mm): Footprint C7
[courtyards_overlap]: Courtyards overlap
    Rule: board setup constraints courtyard; error
    @(18.0000 mm, 47.5000 mm): Footprint C5
    @(21.0000 mm, 50.0000 mm): Footprint U1
[courtyards_overlap]: Courtyards overlap
    Rule: board setup constraints courtyard; error
    @(19.0000 mm, 70.5000 mm): Footprint TP5
    @(19.0000 mm, 77.0000 mm): Footprint J2
[courtyards_overlap]: Courtyards overlap
    Rule: board setup constraints courtyard; error
    @(7.0000 mm, 57.5000 mm): Footprint J1
    @(8.0000 mm, 42.5000 mm): Footprint C3
[courtyards_overlap]: Courtyards overlap
    Rule: board setup constraints courtyard; error
    @(7.0000 mm, 57.5000 mm): Footprint J1
    @(3.5000 mm, 45.5000 mm): Footprint MH3
[courtyards_overlap]: Courtyards overlap
    Rule: board setup constraints courtyard; error
    @(15.5000 mm, 70.5000 mm): Footprint TP4
    @(19.0000 mm, 77.0000 mm): Footprint J2
[courtyards_overlap]: Courtyards overlap
    Rule: board setup constraints courtyard; error
    @(30.5000 mm, 69.0000 mm): Footprint R3
    @(29.5000 mm, 70.5000 mm): Footprint TP8
[copper_edge_clearance]: Board edge clearance violation (board setup constraints edge clearance 0.5000 mm; actual 0.0000 mm)
    Rule: board setup constraints edge; error
    @(38.0000 mm, 80.0000 mm): Segment on Edge.Cuts
    @(15.3200 mm, 80.2000 mm): Pad A1 [GND] of J2 on F.Cu
[copper_edge_clearance]: Board edge clearance violation (board setup constraints edge clearance 0.5000 mm; actual 0.3000 mm)
    Rule: board setup constraints edge; error
    @(38.0000 mm, 80.0000 mm): Segment on Edge.Cuts
    @(15.3200 mm, 79.4000 mm): Pad A4 [unconnected-(J2-VBUS-PadA4)] of J2 on F.Cu
[copper_edge_clearance]: Board edge clearance violation (board setup constraints edge clearance 0.5000 mm; actual 0.3000 mm)
    Rule: board setup constraints edge; error
    @(38.0000 mm, 80.0000 mm): Segment on Edge.Cuts
    @(15.3200 mm, 79.4000 mm): Pad B9 [unconnected-(J2-VBUS-PadA4)] of J2 on F.Cu
[copper_edge_clearance]: Board edge clearance violation (board setup constraints edge clearance 0.5000 mm; actual 0.0000 mm)
    Rule: board setup constraints edge; error
    @(38.0000 mm, 80.0000 mm): Segment on Edge.Cuts
    @(15.3200 mm, 80.2000 mm): Pad B12 [GND] of J2 on F.Cu
[drill_out_of_range]: Hole size out of range (board setup constraints min hole 0.3000 mm; actual 0.2000 mm)
    Rule: board setup constraints; error
    @(16.1000 mm, 29.7600 mm): PTH pad 41 [GND] of U2
[drill_out_of_range]: Hole size out of range (board setup constraints min hole 0.3000 mm; actual 0.2000 mm)
    Rule: board setup constraints; error
    @(16.1000 mm, 31.1600 mm): PTH pad 41 [GND] of U2
[drill_out_of_range]: Hole size out of range (board setup constraints min hole 0.3000 mm; actual 0.2000 mm)
    Rule: board setup constraints; error
    @(16.8000 mm, 29.0600 mm): PTH pad 41 [GND] of U2
[drill_out_of_range]: Hole size out of range (board setup constraints min hole 0.3000 mm; actual 0.2000 mm)
    Rule: board setup constraints; error
    @(16.8000 mm, 30.4600 mm): PTH pad 41 [GND] of U2
[drill_out_of_range]: Hole size out of range (board setup constraints min hole 0.3000 mm; actual 0.2000 mm)
    Rule: board setup constraints; error
    @(16.8000 mm, 31.8600 mm): PTH pad 41 [GND] of U2
[drill_out_of_range]: Hole size out of range (board setup constraints min hole 0.3000 mm; actual 0.2000 mm)
    Rule: board setup constraints; error
    @(17.5000 mm, 29.7600 mm): PTH pad 41 [GND] of U2
[drill_out_of_range]: Hole size out of range (board setup constraints min hole 0.3000 mm; actual 0.2000 mm)
    Rule: board setup constraints; error
    @(17.5000 mm, 31.1600 mm): PTH pad 41 [GND] of U2
[drill_out_of_range]: Hole size out of range (board setup constraints min hole 0.3000 mm; actual 0.2000 mm)
    Rule: board setup constraints; error
    @(18.2000 mm, 29.0600 mm): PTH pad 41 [GND] of U2
[drill_out_of_range]: Hole size out of range (board setup constraints min hole 0.3000 mm; actual 0.2000 mm)
    Rule: board setup constraints; error
    @(18.2000 mm, 30.4600 mm): PTH pad 41 [GND] of U2
[drill_out_of_range]: Hole size out of range (board setup constraints min hole 0.3000 mm; actual 0.2000 mm)
    Rule: board setup constraints; error
    @(18.2000 mm, 31.8600 mm): PTH pad 41 [GND] of U2
[drill_out_of_range]: Hole size out of range (board setup constraints min hole 0.3000 mm; actual 0.2000 mm)
    Rule: board setup constraints; error
    @(18.9000 mm, 29.7600 mm): PTH pad 41 [GND] of U2
[drill_out_of_range]: Hole size out of range (board setup constraints min hole 0.3000 mm; actual 0.2000 mm)
    Rule: board setup constraints; error
    @(18.9000 mm, 31.1600 mm): PTH pad 41 [GND] of U2
[silk_over_copper]: Silkscreen clipped by solder mask
    Local override; warning
    @(29.5000 mm, 43.6000 mm): Reference field of C8
[silk_over_copper]: Silkscreen clipped by solder mask
    Local override; warning
    @(6.0000 mm, 61.1000 mm): Reference field of SW1
[silk_over_copper]: Silkscreen clipped by solder mask
    Local override; warning
    @(26.0000 mm, 68.6000 mm): Reference field of TP7
[silk_over_copper]: Silkscreen clipped by solder mask
    Local override; warning
    @(12.0000 mm, 50.1000 mm): Reference field of D3
[silk_over_copper]: Silkscreen clipped by solder mask
    Local override; warning
    @(12.0000 mm, 68.6000 mm): Reference field of TP3
[silk_over_copper]: Silkscreen clipped by solder mask
    Local override; warning
    @(33.0000 mm, 68.6000 mm): Reference field of TP9
[silk_over_copper]: Silkscreen clipped by solder mask
    Local override; warning
    @(12.0000 mm, 40.6000 mm): Reference field of C4
[silk_over_copper]: Silkscreen clipped by solder mask
    Local override; warning
    @(18.0000 mm, 45.6000 mm): Reference field of C5
[silk_over_copper]: Silkscreen clipped by solder mask
    Local override; warning
    @(18.9100 mm, 48.2113 mm): Segment of C5 on F.Silkscreen
[silk_over_copper]: Silkscreen clipped by solder mask
    Local override; warning
    @(2.4000 mm, 43.7000 mm): Segment of J1 on F.Silkscreen
[silk_over_copper]: Silkscreen clipped by solder mask
    Local override; warning
    @(2.4000 mm, 52.7000 mm): Segment of J1 on F.Silkscreen
[silk_over_copper]: Silkscreen clipped by solder mask
    Local override; warning
    @(11.6000 mm, 43.7000 mm): Segment of J1 on F.Silkscreen
[silk_over_copper]: Silkscreen clipped by solder mask
    Local override; warning
    @(32.0000 mm, 53.1000 mm): Reference field of SW2
[silk_over_copper]: Silkscreen clipped by solder mask
    Local override; warning
    @(8.0000 mm, 40.6000 mm): Reference field of C3
[silk_over_copper]: Silkscreen clipped by solder mask
    Local override; warning
    @(25.0000 mm, 43.6000 mm): Reference field of C7
[silk_over_copper]: Silkscreen clipped by solder mask
    Local override; warning
    @(29.5000 mm, 68.6000 mm): Reference field of TP8
[silk_over_copper]: Silkscreen clipped by solder mask
    Local override; warning
    @(18.0000 mm, 52.1000 mm): Reference field of C2
[silk_overlap]: Silkscreen overlap
    Rule: board setup constraints silk; warning
    @(20.5000 mm, 56.1000 mm): Reference field of Q1
    @(19.7400 mm, 56.4400 mm): Segment of Q1 on F.Silkscreen
[silk_overlap]: Silkscreen overlap
    Rule: board setup constraints silk; warning
    @(18.0900 mm, 64.4400 mm): Segment of U3 on F.Silkscreen
    @(19.0000 mm, 64.1000 mm): Reference field of U3
[silk_overlap]: Silkscreen overlap
    Rule: board setup constraints silk; warning
    @(33.0000 mm, 68.6000 mm): Reference field of TP9
    @(33.7627 mm, 68.4775 mm): Segment of R4 on F.Silkscreen
[silk_overlap]: Silkscreen overlap
    Rule: board setup constraints silk; warning
    @(34.0000 mm, 67.1000 mm): Reference field of R4
    @(32.5150 mm, 66.7350 mm): Segment of D2 on F.Silkscreen
[silk_overlap]: Silkscreen overlap
    Rule: board setup constraints silk; warning
    @(29.0150 mm, 66.7350 mm): Segment of D1 on F.Silkscreen
    @(30.5000 mm, 67.1000 mm): Reference field of R3
[silk_overlap]: Silkscreen overlap
    Rule: board setup constraints silk; warning
    @(30.2627 mm, 68.4775 mm): Segment of R3 on F.Silkscreen
    @(29.5000 mm, 68.6000 mm): Reference field of TP8
[silk_overlap]: Silkscreen overlap
    Rule: board setup constraints silk; warning
    @(3.5000 mm, 43.6000 mm): Reference field of MH3
    @(2.4000 mm, 52.7000 mm): Segment of J1 on F.Silkscreen
[silk_overlap]: Silkscreen overlap
    Rule: board setup constraints silk; warning
    @(3.5000 mm, 43.6000 mm): Reference field of MH3
    @(2.4000 mm, 43.7000 mm): Segment of J1 on F.Silkscreen
[silk_overlap]: Silkscreen overlap
    Rule: board setup constraints silk; warning
    @(20.0900 mm, 48.4400 mm): Segment of U1 on F.Silkscreen
    @(21.0000 mm, 48.1000 mm): Reference field of U1
[silk_overlap]: Silkscreen overlap
    Rule: board setup constraints silk; warning
    @(6.2750 mm, 60.5500 mm): Segment of SW1 on F.Silkscreen
    @(6.0000 mm, 61.1000 mm): Reference field of SW1
[silk_overlap]: Silkscreen overlap
    Rule: board setup constraints silk; warning
    @(11.6000 mm, 43.7000 mm): Segment of J1 on F.Silkscreen
    @(12.0000 mm, 50.1000 mm): Reference field of D3
[silk_overlap]: Silkscreen overlap
    Rule: board setup constraints silk; warning
    @(11.6000 mm, 43.7000 mm): Segment of J1 on F.Silkscreen
    @(10.3500 mm, 55.5100 mm): Segment of D3 on F.Silkscreen
[silk_overlap]: Silkscreen overlap
    Rule: board setup constraints silk; warning
    @(27.0000 mm, 48.1000 mm): Reference field of L1
    @(25.0000 mm, 47.8900 mm): Segment of L1 on F.Silkscreen
[silk_overlap]: Silkscreen overlap
    Rule: board setup constraints silk; warning
    @(31.7250 mm, 52.5500 mm): Segment of SW2 on F.Silkscreen
    @(32.0000 mm, 53.1000 mm): Reference field of SW2
[silk_overlap]: Silkscreen overlap
    Rule: board setup constraints silk; warning
    @(29.0000 mm, 52.1100 mm): Segment of L1 on F.Silkscreen
    @(27.0000 mm, 52.1000 mm): Reference field of R1
[silk_overlap]: Silkscreen overlap
    Rule: board setup constraints silk; warning
    @(25.7627 mm, 69.5225 mm): Segment of R7 on F.Silkscreen
    @(26.0000 mm, 70.5000 mm): Circle of TP7 on F.Silkscreen
[silk_overlap]: Silkscreen overlap
    Rule: board setup constraints silk; warning
    @(12.0000 mm, 68.6000 mm): Reference field of TP3
    @(11.7627 mm, 68.4775 mm): Segment of R6 on F.Silkscreen
[silk_overlap]: Silkscreen overlap
    Rule: board setup constraints silk; warning
    @(12.0000 mm, 70.5000 mm): Circle of TP3 on F.Silkscreen
    @(11.7627 mm, 69.5225 mm): Segment of R6 on F.Silkscreen
[silk_overlap]: Silkscreen overlap
    Rule: board setup constraints silk; warning
    @(25.7627 mm, 68.4775 mm): Segment of R7 on F.Silkscreen
    @(26.0000 mm, 68.6000 mm): Reference field of TP7

** Found 78 unconnected pads **
[unconnected_items]: Missing connection between items
    Local override; error
    @(8.0000 mm, 41.5500 mm): Pad 2 [+3V3] of C3 on F.Cu
    @(12.0000 mm, 41.7250 mm): Pad 2 [+3V3] of C4 on F.Cu
[unconnected_items]: Missing connection between items
    Local override; error
    @(10.2500 mm, 24.0100 mm): Pad 2 [+3V3] of U2 on F.Cu
    @(8.0000 mm, 41.5500 mm): Pad 2 [+3V3] of C3 on F.Cu
[unconnected_items]: Missing connection between items
    Local override; error
    @(12.0000 mm, 70.5000 mm): Pad 1 [+3V3] of TP3 on F.Cu
    @(31.3250 mm, 69.0000 mm): Pad 2 [+3V3] of R3 on F.Cu
[unconnected_items]: Missing connection between items
    Local override; error
    @(19.8625 mm, 49.0500 mm): Pad 1 [+3V3] of U1 on F.Cu
    @(25.0000 mm, 44.0250 mm): Pad 2 [+3V3] of C7 on F.Cu
[unconnected_items]: Missing connection between items
    Local override; error
    @(19.8625 mm, 49.0500 mm): Pad 1 [+3V3] of U1 on F.Cu
    @(12.0000 mm, 41.7250 mm): Pad 2 [+3V3] of C4 on F.Cu
[unconnected_items]: Missing connection between items
    Local override; error
    @(25.0000 mm, 44.0250 mm): Pad 2 [+3V3] of C7 on F.Cu
    @(29.5000 mm, 44.0250 mm): Pad 2 [+3V3] of C8 on F.Cu
[unconnected_items]: Missing connection between items
    Local override; error
    @(27.8250 mm, 54.0000 mm): Pad 2 [+3V3] of R1 on F.Cu
    @(28.4750 mm, 50.0000 mm): Pad 2 [+3V3] of L1 on F.Cu
[unconnected_items]: Missing connection between items
    Local override; error
    @(27.8250 mm, 58.0000 mm): Pad 2 [+3V3] of R2 on F.Cu
    @(27.8250 mm, 54.0000 mm): Pad 2 [+3V3] of R1 on F.Cu
[unconnected_items]: Missing connection between items
    Local override; error
    @(27.8250 mm, 58.0000 mm): Pad 2 [+3V3] of R2 on F.Cu
    @(31.3250 mm, 69.0000 mm): Pad 2 [+3V3] of R3 on F.Cu
[unconnected_items]: Missing connection between items
    Local override; error
    @(29.5000 mm, 44.0250 mm): Pad 2 [+3V3] of C8 on F.Cu
    @(28.4750 mm, 50.0000 mm): Pad 2 [+3V3] of L1 on F.Cu
[unconnected_items]: Missing connection between items
    Local override; error
    @(15.9000 mm, 58.0000 mm): Pad 2 [/+5V_FUSED] of F1 on F.Cu
    @(21.4375 mm, 58.0000 mm): Pad 3 [/+5V_FUSED] of Q1 on F.Cu
[unconnected_items]: Missing connection between items
    Local override; error
    @(7.0000 mm, 51.5000 mm): PTH pad 2 [/+5V_IN] of J1
    @(13.1000 mm, 58.0000 mm): Pad 1 [/+5V_IN] of F1 on F.Cu
[unconnected_items]: Missing connection between items
    Local override; error
    @(5.0000 mm, 70.5000 mm): Pad 1 [/+5V_PROTECTED] of TP1 on F.Cu
    @(19.5625 mm, 58.9500 mm): Pad 2 [/+5V_PROTECTED] of Q1 on F.Cu
[unconnected_items]: Missing connection between items
    Local override; error
    @(12.0000 mm, 50.0000 mm): Pad 2 [/+5V_PROTECTED] of D3 on F.Cu
    @(18.0000 mm, 53.0500 mm): Pad 2 [/+5V_PROTECTED] of C2 on F.Cu
[unconnected_items]: Missing connection between items
    Local override; error
    @(18.0000 mm, 53.0500 mm): Pad 2 [/+5V_PROTECTED] of C2 on F.Cu
    @(19.5625 mm, 58.9500 mm): Pad 2 [/+5V_PROTECTED] of Q1 on F.Cu
[unconnected_items]: Missing connection between items
    Local override; error
    @(19.8625 mm, 50.0000 mm): Pad 2 [/+5V_PROTECTED] of U1 on F.Cu
    @(18.0000 mm, 46.0250 mm): Pad 2 [/+5V_PROTECTED] of C5 on F.Cu
[unconnected_items]: Missing connection between items
    Local override; error
    @(19.8625 mm, 50.9500 mm): Pad 3 [/+5V_PROTECTED] of U1 on F.Cu
    @(19.8625 mm, 50.0000 mm): Pad 2 [/+5V_PROTECTED] of U1 on F.Cu
[unconnected_items]: Missing connection between items
    Local override; error
    @(19.8625 mm, 50.9500 mm): Pad 3 [/+5V_PROTECTED] of U1 on F.Cu
    @(18.0000 mm, 53.0500 mm): Pad 2 [/+5V_PROTECTED] of C2 on F.Cu
[unconnected_items]: Missing connection between items
    Local override; error
    @(5.1500 mm, 60.3750 mm): Pad 1 [/BOOT0] of SW1 on F.Cu
    @(5.1500 mm, 65.6250 mm): Pad 1 [/BOOT0] of SW1 on F.Cu
[unconnected_items]: Missing connection between items
    Local override; error
    @(5.1500 mm, 65.6250 mm): Pad 1 [/BOOT0] of SW1 on F.Cu
    @(15.5000 mm, 70.5000 mm): Pad 1 [/BOOT0] of TP4 on F.Cu
[unconnected_items]: Missing connection between items
    Local override; error
    @(15.5000 mm, 70.5000 mm): Pad 1 [/BOOT0] of TP4 on F.Cu
    @(26.1750 mm, 58.0000 mm): Pad 1 [/BOOT0] of R2 on F.Cu
[unconnected_items]: Missing connection between items
    Local override; error
    @(26.1750 mm, 58.0000 mm): Pad 1 [/BOOT0] of R2 on F.Cu
    @(27.7500 mm, 39.2500 mm): Pad 27 [/BOOT0] of U2 on F.Cu
[unconnected_items]: Missing connection between items
    Local override; error
    @(20.7750 mm, 47.0000 mm): Pad 2 [/BUCK_BST] of C6 on F.Cu
    @(22.1375 mm, 49.0500 mm): Pad 6 [/BUCK_BST] of U1 on F.Cu
[unconnected_items]: Missing connection between items
    Local override; error
    @(19.2250 mm, 47.0000 mm): Pad 1 [/BUCK_SW] of C6 on F.Cu
    @(22.1375 mm, 50.0000 mm): Pad 5 [/BUCK_SW] of U1 on F.Cu
[unconnected_items]: Missing connection between items
    Local override; error
    @(22.1375 mm, 50.0000 mm): Pad 5 [/BUCK_SW] of U1 on F.Cu
    @(25.5250 mm, 50.0000 mm): Pad 1 [/BUCK_SW] of L1 on F.Cu
[unconnected_items]: Missing connection between items
    Local override; error
    @(12.8250 mm, 69.0000 mm): Pad 2 [/CC1] of R6 on F.Cu
    @(15.3200 mm, 78.2500 mm): Pad A5 [/CC1] of J2 on F.Cu
[unconnected_items]: Missing connection between items
    Local override; error
    @(15.3200 mm, 75.2500 mm): Pad B5 [/CC2] of J2 on F.Cu
    @(26.8250 mm, 69.0000 mm): Pad 2 [/CC2] of R7 on F.Cu
[unconnected_items]: Missing connection between items
    Local override; error
    @(15.3200 mm, 76.7500 mm): Pad A7 [/DM_C] of J2 on F.Cu
    @(17.8625 mm, 66.0000 mm): Pad 2 [/DM_C] of U3 on F.Cu
[unconnected_items]: Missing connection between items
    Local override; error
    @(15.3200 mm, 77.7500 mm): Pad B7 [/DM_C] of J2 on F.Cu
    @(15.3200 mm, 76.7500 mm): Pad A7 [/DM_C] of J2 on F.Cu
[unconnected_items]: Missing connection between items
    Local override; error
    @(17.8625 mm, 66.0000 mm): Pad 2 [/DM_C] of U3 on F.Cu
    @(14.6750 mm, 62.0000 mm): Pad 1 [/DM_C] of R8 on F.Cu
[unconnected_items]: Missing connection between items
    Local override; error
    @(10.2500 mm, 37.9800 mm): Pad 13 [/DM_E] of U2 on F.Cu
    @(16.3250 mm, 62.0000 mm): Pad 2 [/DM_E] of R8 on F.Cu
[unconnected_items]: Missing connection between items
    Local override; error
    @(16.3250 mm, 62.0000 mm): Pad 2 [/DM_E] of R8 on F.Cu
    @(33.0000 mm, 70.5000 mm): Pad 1 [/DM_E] of TP9 on F.Cu
[unconnected_items]: Missing connection between items
    Local override; error
    @(15.3200 mm, 76.2500 mm): Pad B6 [/DP_C] of J2 on F.Cu
    @(15.3200 mm, 77.2500 mm): Pad A6 [/DP_C] of J2 on F.Cu
[unconnected_items]: Missing connection between items
    Local override; error
    @(17.8625 mm, 65.0500 mm): Pad 1 [/DP_C] of U3 on F.Cu
    @(15.3200 mm, 76.2500 mm): Pad B6 [/DP_C] of J2 on F.Cu
[unconnected_items]: Missing connection between items
    Local override; error
    @(21.6750 mm, 62.0000 mm): Pad 1 [/DP_C] of R9 on F.Cu
    @(17.8625 mm, 65.0500 mm): Pad 1 [/DP_C] of U3 on F.Cu
[unconnected_items]: Missing connection between items
    Local override; error
    @(10.2500 mm, 39.2500 mm): Pad 14 [/DP_E] of U2 on F.Cu
    @(23.3250 mm, 62.0000 mm): Pad 2 [/DP_E] of R9 on F.Cu
[unconnected_items]: Missing connection between items
    Local override; error
    @(23.3250 mm, 62.0000 mm): Pad 2 [/DP_E] of R9 on F.Cu
    @(29.5000 mm, 70.5000 mm): Pad 1 [/DP_E] of TP8 on F.Cu
[unconnected_items]: Missing connection between items
    Local override; error
    @(8.5000 mm, 70.5000 mm): Pad 1 [/ESP_EN] of TP2 on F.Cu
    @(24.7750 mm, 61.0000 mm): Pad 2 [/ESP_EN] of C1 on F.Cu
[unconnected_items]: Missing connection between items
    Local override; error
    @(10.2500 mm, 25.2800 mm): Pad 3 [/ESP_EN] of U2 on F.Cu
    @(26.1750 mm, 54.0000 mm): Pad 1 [/ESP_EN] of R1 on F.Cu
[unconnected_items]: Missing connection between items
    Local override; error
    @(26.1750 mm, 54.0000 mm): Pad 1 [/ESP_EN] of R1 on F.Cu
    @(24.7750 mm, 61.0000 mm): Pad 2 [/ESP_EN] of C1 on F.Cu
[unconnected_items]: Missing connection between items
    Local override; error
    @(32.8500 mm, 52.3750 mm): Pad 1 [/ESP_EN] of SW2 on F.Cu
    @(26.1750 mm, 54.0000 mm): Pad 1 [/ESP_EN] of R1 on F.Cu
[unconnected_items]: Missing connection between items
    Local override; error
    @(32.8500 mm, 57.6250 mm): Pad 1 [/ESP_EN] of SW2 on F.Cu
    @(32.8500 mm, 52.3750 mm): Pad 1 [/ESP_EN] of SW2 on F.Cu
[unconnected_items]: Missing connection between items
    Local override; error
    @(29.6750 mm, 69.0000 mm): Pad 1 [/PLED] of R3 on F.Cu
    @(31.2875 mm, 66.0000 mm): Pad 2 [/PLED] of D1 on F.Cu
[unconnected_items]: Missing connection between items
    Local override; error
    @(15.8950 mm, 72.6800 mm): PTH pad S1 [/SHIELD] of J2
    @(15.8950 mm, 81.3200 mm): PTH pad S1 [/SHIELD] of J2
[unconnected_items]: Missing connection between items
    Local override; error
    @(15.8950 mm, 81.3200 mm): PTH pad S1 [/SHIELD] of J2
    @(20.0750 mm, 81.3200 mm): PTH pad S1 [/SHIELD] of J2
[unconnected_items]: Missing connection between items
    Local override; error
    @(20.0750 mm, 72.6800 mm): PTH pad S1 [/SHIELD] of J2
    @(15.8950 mm, 72.6800 mm): PTH pad S1 [/SHIELD] of J2
[unconnected_items]: Missing connection between items
    Local override; error
    @(28.3250 mm, 61.0000 mm): Pad 2 [/SHIELD] of R5 on F.Cu
    @(20.0750 mm, 72.6800 mm): PTH pad S1 [/SHIELD] of J2
[unconnected_items]: Missing connection between items
    Local override; error
    @(33.1750 mm, 69.0000 mm): Pad 1 [/SLED] of R4 on F.Cu
    @(34.7875 mm, 66.0000 mm): Pad 2 [/SLED] of D2 on F.Cu
[unconnected_items]: Missing connection between items
    Local override; error
    @(27.7500 mm, 25.2800 mm): Pad 38 [/STATUS_LED] of U2 on F.Cu
    @(34.8250 mm, 69.0000 mm): Pad 2 [/STATUS_LED] of R4 on F.Cu
[unconnected_items]: Missing connection between items
    Local override; error
    @(26.0000 mm, 70.5000 mm): Pad 1 [/U0RXD] of TP7 on F.Cu
    @(27.7500 mm, 27.8200 mm): Pad 36 [/U0RXD] of U2 on F.Cu
[unconnected_items]: Missing connection between items
    Local override; error
    @(22.5000 mm, 70.5000 mm): Pad 1 [/U0TXD] of TP6 on F.Cu
    @(27.7500 mm, 26.5500 mm): Pad 37 [/U0TXD] of U2 on F.Cu
[unconnected_items]: Missing connection between items
    Local override; error
    @(6.8500 mm, 60.3750 mm): Pad 2 [GND] of SW1 on F.Cu
    @(6.8500 mm, 65.6250 mm): Pad 2 [GND] of SW1 on F.Cu
[unconnected_items]: Missing connection between items
    Local override; error
    @(7.0000 mm, 57.5000 mm): PTH pad 1 [GND] of J1
    @(6.8500 mm, 60.3750 mm): Pad 2 [GND] of SW1 on F.Cu
[unconnected_items]: Missing connection between items
    Local override; error
    @(8.0000 mm, 43.4500 mm): Pad 1 [GND] of C3 on F.Cu
    @(12.0000 mm, 43.2750 mm): Pad 1 [GND] of C4 on F.Cu
[unconnected_items]: Missing connection between items
    Local override; error
    @(11.1750 mm, 69.0000 mm): Pad 1 [GND] of R6 on F.Cu
    @(6.8500 mm, 65.6250 mm): Pad 2 [GND] of SW1 on F.Cu
[unconnected_items]: Missing connection between items
    Local override; error
    @(11.1750 mm, 69.0000 mm): Pad 1 [GND] of R6 on F.Cu
    @(15.3200 mm, 73.8000 mm): Pad A12 [GND] of J2 on F.Cu
[unconnected_items]: Missing connection between items
    Local override; error
    @(12.0000 mm, 43.2750 mm): Pad 1 [GND] of C4 on F.Cu
    @(18.0000 mm, 48.9750 mm): Pad 1 [GND] of C5 on F.Cu
[unconnected_items]: Missing connection between items
    Local override; error
    @(12.0000 mm, 43.2750 mm): Pad 1 [GND] of C4 on F.Cu
    @(16.8000 mm, 31.8600 mm): PTH pad 41 [GND] of U2
[unconnected_items]: Missing connection between items
    Local override; error
    @(12.0000 mm, 54.0000 mm): Pad 1 [GND] of D3 on F.Cu
    @(7.0000 mm, 57.5000 mm): PTH pad 1 [GND] of J1
[unconnected_items]: Missing connection between items
    Local override; error
    @(15.3200 mm, 73.8000 mm): Pad A12 [GND] of J2 on F.Cu
    @(19.0000 mm, 70.5000 mm): Pad 1 [GND] of TP5 on F.Cu
[unconnected_items]: Missing connection between items
    Local override; error
    @(15.3200 mm, 80.2000 mm): Pad B12 [GND] of J2 on F.Cu
    @(15.3200 mm, 73.8000 mm): Pad A12 [GND] of J2 on F.Cu
[unconnected_items]: Missing connection between items
    Local override; error
    @(16.8000 mm, 29.0600 mm): PTH pad 41 [GND] of U2
    @(10.2500 mm, 22.7400 mm): Pad 1 [GND] of U2 on F.Cu
[unconnected_items]: Missing connection between items
    Local override; error
    @(17.8625 mm, 66.9500 mm): Pad 3 [GND] of U3 on F.Cu
    @(19.0000 mm, 70.5000 mm): Pad 1 [GND] of TP5 on F.Cu
[unconnected_items]: Missing connection between items
    Local override; error
    @(18.0000 mm, 54.9500 mm): Pad 1 [GND] of C2 on F.Cu
    @(19.5625 mm, 57.0500 mm): Pad 1 [GND] of Q1 on F.Cu
[unconnected_items]: Missing connection between items
    Local override; error
    @(18.0000 mm, 54.9500 mm): Pad 1 [GND] of C2 on F.Cu
    @(12.0000 mm, 54.0000 mm): Pad 1 [GND] of D3 on F.Cu
[unconnected_items]: Missing connection between items
    Local override; error
    @(19.5625 mm, 57.0500 mm): Pad 1 [GND] of Q1 on F.Cu
    @(23.2250 mm, 61.0000 mm): Pad 1 [GND] of C1 on F.Cu
[unconnected_items]: Missing connection between items
    Local override; error
    @(22.1375 mm, 50.9500 mm): Pad 4 [GND] of U1 on F.Cu
    @(18.0000 mm, 48.9750 mm): Pad 1 [GND] of C5 on F.Cu
[unconnected_items]: Missing connection between items
    Local override; error
    @(23.2250 mm, 61.0000 mm): Pad 1 [GND] of C1 on F.Cu
    @(26.6750 mm, 61.0000 mm): Pad 1 [GND] of R5 on F.Cu
[unconnected_items]: Missing connection between items
    Local override; error
    @(25.0000 mm, 46.9750 mm): Pad 1 [GND] of C7 on F.Cu
    @(22.1375 mm, 50.9500 mm): Pad 4 [GND] of U1 on F.Cu
[unconnected_items]: Missing connection between items
    Local override; error
    @(27.7500 mm, 22.7400 mm): Pad 40 [GND] of U2 on F.Cu
    @(18.9000 mm, 29.7600 mm): PTH pad 41 [GND] of U2
[unconnected_items]: Missing connection between items
    Local override; error
    @(29.5000 mm, 46.9750 mm): Pad 1 [GND] of C8 on F.Cu
    @(25.0000 mm, 46.9750 mm): Pad 1 [GND] of C7 on F.Cu
[unconnected_items]: Missing connection between items
    Local override; error
    @(29.7125 mm, 66.0000 mm): Pad 1 [GND] of D1 on F.Cu
    @(25.1750 mm, 69.0000 mm): Pad 1 [GND] of R7 on F.Cu
[unconnected_items]: Missing connection between items
    Local override; error
    @(29.7125 mm, 66.0000 mm): Pad 1 [GND] of D1 on F.Cu
    @(26.6750 mm, 61.0000 mm): Pad 1 [GND] of R5 on F.Cu
[unconnected_items]: Missing connection between items
    Local override; error
    @(31.1500 mm, 52.3750 mm): Pad 2 [GND] of SW2 on F.Cu
    @(31.1500 mm, 57.6250 mm): Pad 2 [GND] of SW2 on F.Cu
[unconnected_items]: Missing connection between items
    Local override; error
    @(31.1500 mm, 52.3750 mm): Pad 2 [GND] of SW2 on F.Cu
    @(29.5000 mm, 46.9750 mm): Pad 1 [GND] of C8 on F.Cu
[unconnected_items]: Missing connection between items
    Local override; error
    @(31.1500 mm, 57.6250 mm): Pad 2 [GND] of SW2 on F.Cu
    @(26.6750 mm, 61.0000 mm): Pad 1 [GND] of R5 on F.Cu
[unconnected_items]: Missing connection between items
    Local override; error
    @(33.2125 mm, 66.0000 mm): Pad 1 [GND] of D2 on F.Cu
    @(29.7125 mm, 66.0000 mm): Pad 1 [GND] of D1 on F.Cu
[unconnected_items]: Missing connection between items
    Local override; error
    @(15.3200 mm, 74.6000 mm): Pad A9 [unconnected-(J2-VBUS-PadA4)] of J2 on F.Cu
    @(15.3200 mm, 79.4000 mm): Pad A4 [unconnected-(J2-VBUS-PadA4)] of J2 on F.Cu

** Found 0 Footprint errors **

** End of Report **
