** Drc report for esp-rust-board.kicad_pcb **
** Created on 2026-05-03T14:36:27-0400 **

** Found 81 DRC violations **
[clearance]: Clearance violation (netclass 'Default' clearance 0.1270 mm; actual 0.1251 mm)
    Rule: netclass 'Default'; error
    @(159.5120 mm, 128.5240 mm): Zone [GND] on B.Cu, priority 1
    @(152.3324 mm, 94.2840 mm): Zone [+3V3] on B.Cu, priority 2
[clearance]: Clearance violation (netclass 'Default' clearance 0.1270 mm; actual 0.1231 mm)
    Rule: netclass 'Default'; error
    @(159.5120 mm, 128.5240 mm): Zone 'TOP_GND' [GND] on F.Cu, priority 0
    @(144.6276 mm, 108.5850 mm): Zone [+3V3] on F.Cu, priority 1
[footprint_type_mismatch]: Footprint component type doesn't match footprint pads (expected 'SMD'; actual 'Through hole')
    Local override; error
    @(139.4420 mm, 73.8340 mm): Footprint D1
[via_dangling]: Via is not connected or connected on only one layer
    Local override; warning
    @(145.6690 mm, 93.0910 mm): Via [+3V3] on F.Cu - B.Cu
[silk_edge_clearance]: Silkscreen clipped by board edge
    Rule: board setup constraints silk; warning
    @(158.7500 mm, 128.5240 mm): Segment on Edge.Cuts
    @(143.2920 mm, 127.3040 mm): Segment of J1 on F.Silkscreen
[silk_edge_clearance]: Silkscreen clipped by board edge
    Rule: board setup constraints silk; warning
    @(158.7500 mm, 128.5240 mm): Segment on Edge.Cuts
    @(143.2920 mm, 128.5840 mm): Segment of J1 on F.Silkscreen
[silk_edge_clearance]: Silkscreen clipped by board edge
    Rule: board setup constraints silk; warning
    @(158.7500 mm, 128.5240 mm): Segment on Edge.Cuts
    @(152.8720 mm, 128.5840 mm): Segment of J1 on F.Silkscreen
[lib_footprint_mismatch]: Footprint 'LED_0603_1608Metric' does not match copy in library 'LED_SMD'.
    Local override; warning
    @(156.7180 mm, 82.9310 mm): Footprint D2
[lib_footprint_mismatch]: Footprint 'Rust_Board' does not match copy in library 'Rust_Board'.
    Local override; warning
    @(148.0820 mm, 96.1390 mm): Footprint U4
[lib_footprint_mismatch]: Footprint 'C_0402_1005Metric' does not match copy in library 'Capacitor_SMD'.
    Local override; warning
    @(150.3680 mm, 90.6272 mm): Footprint C3
[lib_footprint_mismatch]: Footprint 'C_0402_1005Metric' does not match copy in library 'Capacitor_SMD'.
    Local override; warning
    @(146.1770 mm, 83.3120 mm): Footprint C13
[lib_footprint_mismatch]: Footprint 'C_0402_1005Metric' does not match copy in library 'Capacitor_SMD'.
    Local override; warning
    @(151.4348 mm, 90.6272 mm): Footprint C1
[lib_footprint_mismatch]: Footprint 'C_0402_1005Metric' does not match copy in library 'Capacitor_SMD'.
    Local override; warning
    @(151.0792 mm, 93.6244 mm): Footprint C14
[lib_footprint_mismatch]: Footprint 'R_0402_1005Metric' does not match copy in library 'Resistor_SMD'.
    Local override; warning
    @(143.6420 mm, 85.0340 mm): Footprint R12
[lib_footprint_mismatch]: Footprint 'C_0603_1608Metric' does not match copy in library 'Capacitor_SMD'.
    Local override; warning
    @(148.0820 mm, 116.0000 mm): Footprint C16
[lib_footprint_mismatch]: Footprint 'C_0402_1005Metric' does not match copy in library 'Capacitor_SMD'.
    Local override; warning
    @(151.0284 mm, 88.5952 mm): Footprint C2
[lib_footprint_mismatch]: Footprint 'D_SOD-523' does not match copy in library 'Diode_SMD'.
    Local override; warning
    @(148.0820 mm, 118.8720 mm): Footprint D8
[lib_footprint_mismatch]: Footprint 'C_0402_1005Metric' does not match copy in library 'Capacitor_SMD'.
    Local override; warning
    @(140.5890 mm, 72.0090 mm): Footprint C8
[lib_footprint_mismatch]: Footprint 'C_0402_1005Metric' does not match copy in library 'Capacitor_SMD'.
    Local override; warning
    @(140.7160 mm, 77.8510 mm): Footprint C10
[lib_footprint_mismatch]: Footprint 'D_SOD-523' does not match copy in library 'Diode_SMD'.
    Local override; warning
    @(149.8600 mm, 118.8720 mm): Footprint D7
[lib_footprint_mismatch]: Footprint 'R_0402_1005Metric' does not match copy in library 'Resistor_SMD'.
    Local override; warning
    @(154.1780 mm, 82.9310 mm): Footprint R10
[lib_footprint_issues]: The current configuration does not include the footprint library 'Espressif'.
    Local override; warning
    @(148.0820 mm, 76.2000 mm): Footprint U3
[lib_footprint_mismatch]: Footprint 'R_0402_1005Metric' does not match copy in library 'Resistor_SMD'.
    Local override; warning
    @(150.4696 mm, 85.9536 mm): Footprint R7
[lib_footprint_mismatch]: Footprint 'C_0402_1005Metric' does not match copy in library 'Capacitor_SMD'.
    Local override; warning
    @(139.5730 mm, 72.0090 mm): Footprint C9
[lib_footprint_mismatch]: Footprint 'D_SOD-523' does not match copy in library 'Diode_SMD'.
    Local override; warning
    @(146.3040 mm, 118.8720 mm): Footprint D5
[lib_footprint_mismatch]: Footprint 'IC_ICM-42670-P' does not match copy in library 'Rust_Board'.
    Local override; warning
    @(148.0920 mm, 88.0340 mm): Footprint U2
[lib_footprint_mismatch]: Footprint 'C_0402_1005Metric' does not match copy in library 'Capacitor_SMD'.
    Local override; warning
    @(141.0970 mm, 83.3120 mm): Footprint C12
[lib_footprint_mismatch]: Footprint 'R_0402_1005Metric' does not match copy in library 'Resistor_SMD'.
    Local override; warning
    @(142.4000 mm, 123.9000 mm): Footprint R6
[lib_footprint_mismatch]: Footprint 'R_0402_1005Metric' does not match copy in library 'Resistor_SMD'.
    Local override; warning
    @(153.8000 mm, 123.9520 mm): Footprint R4
[lib_footprint_mismatch]: Footprint 'D_SOD-123' does not match copy in library 'Diode_SMD'.
    Local override; warning
    @(144.0180 mm, 117.3480 mm): Footprint D6
[lib_footprint_mismatch]: Footprint 'C_0402_1005Metric' does not match copy in library 'Capacitor_SMD'.
    Local override; warning
    @(152.0444 mm, 87.2236 mm): Footprint C4
[lib_footprint_mismatch]: Footprint 'R_0402_1005Metric' does not match copy in library 'Resistor_SMD'.
    Local override; warning
    @(148.3360 mm, 84.3788 mm): Footprint R18
[lib_footprint_mismatch]: Footprint 'R_0402_1005Metric' does not match copy in library 'Resistor_SMD'.
    Local override; warning
    @(149.9616 mm, 84.3788 mm): Footprint R17
[lib_footprint_mismatch]: Footprint 'SON100P200X200X80-5N' does not match copy in library 'Rust_Board'.
    Local override; warning
    @(148.1328 mm, 91.4340 mm): Footprint U1
[lib_footprint_mismatch]: Footprint 'C_0402_1005Metric' does not match copy in library 'Capacitor_SMD'.
    Local override; warning
    @(138.5570 mm, 72.0090 mm): Footprint C11
[lib_footprint_mismatch]: Footprint 'R_0402_1005Metric' does not match copy in library 'Resistor_SMD'.
    Local override; warning
    @(140.7160 mm, 75.9460 mm): Footprint R8
[lib_footprint_mismatch]: Footprint 'R_0402_1005Metric' does not match copy in library 'Resistor_SMD'.
    Local override; warning
    @(152.4254 mm, 101.3460 mm): Footprint R2
[lib_footprint_mismatch]: Footprint 'LED_0603_1608Metric' does not match copy in library 'LED_SMD'.
    Local override; warning
    @(142.4940 mm, 113.1570 mm): Footprint D3
[lib_footprint_mismatch]: Footprint 'C_0603_1608Metric' does not match copy in library 'Capacitor_SMD'.
    Local override; warning
    @(153.0350 mm, 103.3780 mm): Footprint C6
[lib_footprint_mismatch]: Footprint 'C_0603_1608Metric' does not match copy in library 'Capacitor_SMD'.
    Local override; warning
    @(147.5740 mm, 109.7280 mm): Footprint C15
[lib_footprint_mismatch]: Footprint 'SOT-23-5' does not match copy in library 'Package_TO_SOT_SMD'.
    Local override; warning
    @(147.4470 mm, 113.1570 mm): Footprint U6
[lib_footprint_mismatch]: Footprint 'C_0805_2012Metric' does not match copy in library 'Capacitor_SMD'.
    Local override; warning
    @(151.0030 mm, 106.8070 mm): Footprint C5
[lib_footprint_mismatch]: Footprint 'R_0402_1005Metric' does not match copy in library 'Resistor_SMD'.
    Local override; warning
    @(145.1102 mm, 111.4298 mm): Footprint R9
[lib_footprint_mismatch]: Footprint 'SOT-23' does not match copy in library 'Package_TO_SOT_SMD'.
    Local override; warning
    @(151.8920 mm, 113.6650 mm): Footprint Q1
[lib_footprint_mismatch]: Footprint 'R_0402_1005Metric' does not match copy in library 'Resistor_SMD'.
    Local override; warning
    @(148.5392 mm, 101.3460 mm): Footprint R1
[lib_footprint_mismatch]: Footprint 'C_0805_2012Metric' does not match copy in library 'Capacitor_SMD'.
    Local override; warning
    @(144.9070 mm, 103.3780 mm): Footprint C7
[lib_footprint_mismatch]: Footprint 'R_0402_1005Metric' does not match copy in library 'Resistor_SMD'.
    Local override; warning
    @(150.4950 mm, 101.3460 mm): Footprint R3
[lib_footprint_mismatch]: Footprint 'SOT-23-5' does not match copy in library 'Package_TO_SOT_SMD'.
    Local override; warning
    @(150.1140 mm, 103.8860 mm): Footprint U5
[lib_footprint_mismatch]: Footprint 'R_0402_1005Metric' does not match copy in library 'Resistor_SMD'.
    Local override; warning
    @(151.0284 mm, 84.3788 mm): Footprint R19
[lib_footprint_mismatch]: Footprint 'D_SOD-123' does not match copy in library 'Diode_SMD'.
    Local override; warning
    @(151.7650 mm, 109.7280 mm): Footprint D4
[lib_footprint_mismatch]: Footprint 'R_0402_1005Metric' does not match copy in library 'Resistor_SMD'.
    Local override; warning
    @(144.5260 mm, 114.1730 mm): Footprint R14
[lib_footprint_mismatch]: Footprint 'R_0402_1005Metric' does not match copy in library 'Resistor_SMD'.
    Local override; warning
    @(154.3050 mm, 113.6650 mm): Footprint R15
[lib_footprint_mismatch]: Footprint 'R_0402_1005Metric' does not match copy in library 'Resistor_SMD'.
    Local override; warning
    @(141.7320 mm, 91.6940 mm): Footprint R11
[lib_footprint_mismatch]: Footprint 'R_0402_1005Metric' does not match copy in library 'Resistor_SMD'.
    Local override; warning
    @(142.4000 mm, 125.9000 mm): Footprint R5
[lib_footprint_mismatch]: Footprint 'LED_SK6812MINI_PLCC4_3.5x3.5mm_P1.75mm' does not match copy in library 'LED_SMD'.
    Local override; warning
    @(148.0820 mm, 97.5360 mm): Footprint D9
[lib_footprint_issues]: Footprint 'SOD-882' not found in library 'Rust_Board'.
    Local override; warning
    @(139.4420 mm, 73.8340 mm): Footprint D1
[text_height]: Text height out of range (board setup constraints silk text height min height 0.8000 mm; actual 0.6000 mm)
    Rule: board setup constraints silk text height; warning
    @(139.9540 mm, 78.9940 mm): PCB text '3V3' on F.Silkscreen
[silk_overlap]: Silkscreen overlap
    Rule: board setup constraints silk; warning
    @(155.9560 mm, 116.3320 mm): Segment on F.Silkscreen
    @(156.0000 mm, 117.4547 mm): Polygon of kibuzzard-61C0F511 on F.Silkscreen
[silk_overlap]: Silkscreen overlap
    Rule: board setup constraints silk; warning
    @(155.9560 mm, 116.3320 mm): Segment on F.Silkscreen
    @(156.0000 mm, 117.0708 mm): Polygon of kibuzzard-61C0F551 on F.Silkscreen
[silk_overlap]: Silkscreen overlap
    Rule: board setup constraints silk; warning
    @(156.0000 mm, 117.4547 mm): Polygon of kibuzzard-61C0F511 on F.Silkscreen
    @(156.0000 mm, 117.0708 mm): Polygon of kibuzzard-61C0F551 on F.Silkscreen
[silk_overlap]: Silkscreen overlap
    Rule: board setup constraints silk; warning
    @(155.9560 mm, 116.0780 mm): Segment on F.Silkscreen
    @(156.0000 mm, 117.4547 mm): Polygon of kibuzzard-61C0F511 on F.Silkscreen
[silk_overlap]: Silkscreen overlap
    Rule: board setup constraints silk; warning
    @(154.9616 mm, 121.0348 mm): Polygon of kibuzzard-61C0F551 on F.Silkscreen
    @(154.9616 mm, 121.0348 mm): Polygon of kibuzzard-61C0F511 on F.Silkscreen
[silk_overlap]: Silkscreen overlap
    Rule: board setup constraints silk; warning
    @(156.0068 mm, 123.2408 mm): Segment on F.Silkscreen
    @(156.0000 mm, 117.0708 mm): Polygon of kibuzzard-61C0F551 on F.Silkscreen
[silk_overlap]: Silkscreen overlap
    Rule: board setup constraints silk; warning
    @(155.9560 mm, 116.0780 mm): Segment on F.Silkscreen
    @(156.0000 mm, 117.0708 mm): Polygon of kibuzzard-61C0F551 on F.Silkscreen
[silk_overlap]: Silkscreen overlap
    Rule: board setup constraints silk; warning
    @(159.2580 mm, 116.0272 mm): Segment on F.Silkscreen
    @(156.0000 mm, 117.0708 mm): Polygon of kibuzzard-61C0F551 on F.Silkscreen
[silk_overlap]: Silkscreen overlap
    Rule: board setup constraints silk; warning
    @(154.7177 mm, 119.0092 mm): Polygon of kibuzzard-61C0F511 on F.Silkscreen
    @(154.7177 mm, 119.0092 mm): Polygon of kibuzzard-61C0F551 on F.Silkscreen
[silk_overlap]: Silkscreen overlap
    Rule: board setup constraints silk; warning
    @(154.9235 mm, 120.1611 mm): Polygon of kibuzzard-61C0F551 on F.Silkscreen
    @(154.9235 mm, 120.1611 mm): Polygon of kibuzzard-61C0F511 on F.Silkscreen
[silk_overlap]: Silkscreen overlap
    Rule: board setup constraints silk; warning
    @(154.7003 mm, 78.7354 mm): Polygon of kibuzzard-623DAB98 on F.Silkscreen
    @(141.4820 mm, 70.6000 mm): Segment of U3 on F.Silkscreen
[silk_overlap]: Silkscreen overlap
    Rule: board setup constraints silk; warning
    @(154.7003 mm, 78.7354 mm): Polygon of kibuzzard-623DAB98 on F.Silkscreen
    @(154.6820 mm, 65.3000 mm): Segment of U3 on F.Silkscreen
[silk_overlap]: Silkscreen overlap
    Rule: board setup constraints silk; warning
    @(146.9977 mm, 92.6204 mm): Polygon of kibuzzard-61C05A22 on F.Silkscreen
    @(146.5580 mm, 92.9894 mm): Segment on F.Silkscreen
[silk_overlap]: Silkscreen overlap
    Rule: board setup constraints silk; warning
    @(149.7076 mm, 92.9894 mm): Segment on F.Silkscreen
    @(146.9977 mm, 92.6204 mm): Polygon of kibuzzard-61C05A22 on F.Silkscreen
[silk_overlap]: Silkscreen overlap
    Rule: board setup constraints silk; warning
    @(144.2956 mm, 99.7360 mm): Segment of SW1 on F.Silkscreen
    @(144.8054 mm, 99.5586 mm): Polygon of kibuzzard-6269032F on F.Silkscreen
[silk_overlap]: Silkscreen overlap
    Rule: board setup constraints silk; warning
    @(143.0282 mm, 87.0197 mm): Polygon of kibuzzard-61C05A1A on F.Silkscreen
    @(145.6110 mm, 88.8665 mm): Segment on F.Silkscreen
[silk_overlap]: Silkscreen overlap
    Rule: board setup constraints silk; warning
    @(143.0282 mm, 87.0197 mm): Polygon of kibuzzard-61C05A1A on F.Silkscreen
    @(145.5610 mm, 87.2015 mm): Segment on F.Silkscreen
[silk_overlap]: Silkscreen overlap
    Rule: board setup constraints silk; warning
    @(144.1756 mm, 99.7360 mm): Segment of SW1 on F.Silkscreen
    @(144.8054 mm, 99.5586 mm): Polygon of kibuzzard-6269032F on F.Silkscreen
[silk_overlap]: Silkscreen overlap
    Rule: board setup constraints silk; warning
    @(147.4056 mm, 124.9840 mm): Segment of REF** on B.Silkscreen
    @(146.4286 mm, 125.9840 mm): Footprint text of REF** (PB)
[silk_overlap]: Silkscreen overlap
    Rule: board setup constraints silk; warning
    @(144.6920 mm, 80.1340 mm): Segment on B.Silkscreen
    @(158.4428 mm, 77.7880 mm): Polygon of kibuzzard-61E1AB2E on B.Silkscreen
[silk_overlap]: Silkscreen overlap
    Rule: board setup constraints silk; warning
    @(158.4428 mm, 77.7880 mm): Polygon of kibuzzard-61E1AB2E on B.Silkscreen
    @(158.8920 mm, 77.7840 mm): Segment on B.Silkscreen
[silk_overlap]: Silkscreen overlap
    Rule: board setup constraints silk; warning
    @(158.4428 mm, 77.7880 mm): Polygon of kibuzzard-61E1AB2E on B.Silkscreen
    @(158.8920 mm, 81.7340 mm): Segment on B.Silkscreen
[silk_overlap]: Silkscreen overlap
    Rule: board setup constraints silk; warning
    @(158.4428 mm, 77.7880 mm): Polygon of kibuzzard-61E1AB2E on B.Silkscreen
    @(144.6920 mm, 77.7840 mm): Segment on B.Silkscreen
[silk_overlap]: Silkscreen overlap
    Rule: board setup constraints silk; warning
    @(158.4428 mm, 77.7880 mm): Polygon of kibuzzard-61E1AB2E on B.Silkscreen
    @(144.6920 mm, 80.1340 mm): Segment on B.Silkscreen

** Found 0 unconnected pads **

** Found 95 Footprint errors **
[duplicate_footprints]: Duplicate footprints
    Local override; warning
    @(148.0820 mm, 70.6120 mm): Footprint G***
    @(139.7508 mm, 119.0498 mm): Footprint G***
[duplicate_footprints]: Duplicate footprints
    Local override; warning
    @(146.4056 mm, 125.9840 mm): Footprint REF**
    @(149.7076 mm, 125.9840 mm): Footprint REF**
[net_conflict]: Pad net (Net-(C6-Pad2)) doesn't match net given by schematic (Net-(U5-FB)).
    Local override; warning
    @(153.0350 mm, 104.1530 mm): Pad 2 [Net-(C6-Pad2)] of C6 on F.Cu
[net_conflict]: Pad net (Net-(D2-Pad2)) doesn't match net given by schematic (Net-(D2-A)).
    Local override; warning
    @(155.9305 mm, 82.9310 mm): Pad 2 [Net-(D2-Pad2)] of D2 on F.Cu
[net_conflict]: Pad net (Net-(D3-Pad1)) doesn't match net given by schematic (Net-(D3-K)).
    Local override; warning
    @(142.4940 mm, 112.3695 mm): Pad 1 [Net-(D3-Pad1)] of D3 on F.Cu
[net_conflict]: Pad net (Net-(D6-Pad2)) doesn't match net given by schematic (Net-(D6-A)).
    Local override; warning
    @(144.0180 mm, 118.9980 mm): Pad 2 [Net-(D6-Pad2)] of D6 on F.Cu
[net_conflict]: Pad net (Net-(D6-Pad2)) doesn't match net given by schematic (Net-(D6-A)).
    Local override; warning
    @(149.8600 mm, 119.5720 mm): Pad 1 [Net-(D6-Pad2)] of D7 on F.Cu
[net_conflict]: Pad net (unconnected-(D9-Pad2)) doesn't match net given by schematic (unconnected-(D9-DOUT-Pad2)).
    Local override; warning
    @(149.8320 mm, 96.6610 mm): Pad 2 [unconnected-(D9-Pad2)] of D9 on F.Cu
[net_conflict]: Pad net (Net-(D9-Pad4)) doesn't match net given by schematic (Net-(D9-DIN)).
    Local override; warning
    @(146.3320 mm, 98.4110 mm): Pad 4 [Net-(D9-Pad4)] of D9 on F.Cu
[net_conflict]: Pad net (Net-(D6-Pad2)) doesn't match net given by schematic (Net-(D6-A)).
    Local override; warning
    @(145.6820 mm, 121.2290 mm): Pad A4_B9 [Net-(D6-Pad2)] of J1 on F.Cu
[net_conflict]: Pad net (Net-(J1-PadA5)) doesn't match net given by schematic (Net-(J1-CC1)).
    Local override; warning
    @(146.8320 mm, 121.2290 mm): Pad A5 [Net-(J1-PadA5)] of J1 on F.Cu
[net_conflict]: Pad net (unconnected-(J1-PadA8)) doesn't match net given by schematic (unconnected-(J1-SBU1-PadA8)).
    Local override; warning
    @(149.3320 mm, 121.2290 mm): Pad A8 [unconnected-(J1-PadA8)] of J1 on F.Cu
[net_conflict]: Pad net (Net-(D6-Pad2)) doesn't match net given by schematic (Net-(D6-A)).
    Local override; warning
    @(150.4820 mm, 121.2290 mm): Pad B4_A9 [Net-(D6-Pad2)] of J1 on F.Cu
[net_conflict]: Pad net (Net-(J1-PadB5)) doesn't match net given by schematic (Net-(J1-CC2)).
    Local override; warning
    @(149.8320 mm, 121.2290 mm): Pad B5 [Net-(J1-PadB5)] of J1 on F.Cu
[net_conflict]: Pad net (unconnected-(J1-PadB8)) doesn't match net given by schematic (unconnected-(J1-SBU2-PadB8)).
    Local override; warning
    @(146.3320 mm, 121.2290 mm): Pad B8 [unconnected-(J1-PadB8)] of J1 on F.Cu
[net_conflict]: Pad net (Net-(J1-PadS1)) doesn't match net given by schematic (Net-(J1-SHELL_GND-PadS1)).
    Local override; warning
    @(143.7620 mm, 121.8040 mm): PTH pad S1 [Net-(J1-PadS1)] of J1
[net_conflict]: Pad net (Net-(J1-PadS1)) doesn't match net given by schematic (Net-(J1-SHELL_GND-PadS1)).
    Local override; warning
    @(143.7620 mm, 125.9840 mm): PTH pad S2 [Net-(J1-PadS1)] of J1
[net_conflict]: Pad net (Net-(J1-PadS1)) doesn't match net given by schematic (Net-(J1-SHELL_GND-PadS1)).
    Local override; warning
    @(152.4020 mm, 125.9840 mm): PTH pad S3 [Net-(J1-PadS1)] of J1
[net_conflict]: Pad net (Net-(J1-PadS1)) doesn't match net given by schematic (Net-(J1-SHELL_GND-PadS1)).
    Local override; warning
    @(152.4020 mm, 121.8040 mm): PTH pad S4 [Net-(J1-PadS1)] of J1
[net_conflict]: Pad net (Net-(C6-Pad2)) doesn't match net given by schematic (Net-(U5-FB)).
    Local override; warning
    @(151.9154 mm, 101.3460 mm): Pad 2 [Net-(C6-Pad2)] of R2 on F.Cu
[net_conflict]: Pad net (Net-(C6-Pad2)) doesn't match net given by schematic (Net-(U5-FB)).
    Local override; warning
    @(151.0050 mm, 101.3460 mm): Pad 1 [Net-(C6-Pad2)] of R3 on F.Cu
[net_conflict]: Pad net (Net-(J1-PadB5)) doesn't match net given by schematic (Net-(J1-CC2)).
    Local override; warning
    @(153.8000 mm, 123.4420 mm): Pad 1 [Net-(J1-PadB5)] of R4 on F.Cu
[net_conflict]: Pad net (Net-(J1-PadS1)) doesn't match net given by schematic (Net-(J1-SHELL_GND-PadS1)).
    Local override; warning
    @(142.4000 mm, 126.4100 mm): Pad 1 [Net-(J1-PadS1)] of R5 on F.Cu
[net_conflict]: Pad net (Net-(J1-PadA5)) doesn't match net given by schematic (Net-(J1-CC1)).
    Local override; warning
    @(142.4000 mm, 123.3900 mm): Pad 1 [Net-(J1-PadA5)] of R6 on F.Cu
[net_conflict]: Pad net (Net-(R7-Pad1)) doesn't match net given by schematic (Net-(U2-AP_CS)).
    Local override; warning
    @(149.9596 mm, 85.9536 mm): Pad 1 [Net-(R7-Pad1)] of R7 on F.Cu
[net_conflict]: Pad net (Net-(R9-Pad2)) doesn't match net given by schematic (Net-(U6-PROG)).
    Local override; warning
    @(145.1102 mm, 111.9398 mm): Pad 2 [Net-(R9-Pad2)] of R9 on F.Cu
[net_conflict]: Pad net (Net-(D2-Pad2)) doesn't match net given by schematic (Net-(D2-A)).
    Local override; warning
    @(154.6880 mm, 82.9310 mm): Pad 2 [Net-(D2-Pad2)] of R10 on F.Cu
[net_conflict]: Pad net (Net-(D9-Pad4)) doesn't match net given by schematic (Net-(D9-DIN)).
    Local override; warning
    @(142.2420 mm, 91.6940 mm): Pad 2 [Net-(D9-Pad4)] of R11 on F.Cu
[net_conflict]: Pad net (Net-(R14-Pad1)) doesn't match net given by schematic (Net-(U6-STAT)).
    Local override; warning
    @(145.0360 mm, 114.1730 mm): Pad 1 [Net-(R14-Pad1)] of R14 on F.Cu
[net_conflict]: Pad net (Net-(D3-Pad1)) doesn't match net given by schematic (Net-(D3-K)).
    Local override; warning
    @(144.0160 mm, 114.1730 mm): Pad 2 [Net-(D3-Pad1)] of R14 on F.Cu
[net_conflict]: Pad net (Net-(TP2-Pad1)) doesn't match net given by schematic (Net-(U2-INT2)).
    Local override; warning
    @(151.0030 mm, 87.2490 mm): Pad 1 [Net-(TP2-Pad1)] of TP2 on B.Cu
[net_conflict]: Pad net (unconnected-(U2-Pad2)) doesn't match net given by schematic (unconnected-(U2-RESV_1-Pad2)).
    Local override; warning
    @(146.9295 mm, 87.7840 mm): Pad 2 [unconnected-(U2-Pad2)] of U2 on F.Cu
[net_conflict]: Pad net (unconnected-(U2-Pad3)) doesn't match net given by schematic (unconnected-(U2-RESV_2-Pad3)).
    Local override; warning
    @(146.9295 mm, 88.2840 mm): Pad 3 [unconnected-(U2-Pad3)] of U2 on F.Cu
[net_conflict]: Pad net (unconnected-(U2-Pad4)) doesn't match net given by schematic (unconnected-(U2-INT1{slash}INT-Pad4)).
    Local override; warning
    @(146.9295 mm, 88.7840 mm): Pad 4 [unconnected-(U2-Pad4)] of U2 on F.Cu
[net_conflict]: Pad net (Net-(TP2-Pad1)) doesn't match net given by schematic (Net-(U2-INT2)).
    Local override; warning
    @(149.2545 mm, 88.2840 mm): Pad 9 [Net-(TP2-Pad1)] of U2 on F.Cu
[net_conflict]: Pad net (unconnected-(U2-Pad10)) doesn't match net given by schematic (unconnected-(U2-RESV_3-Pad10)).
    Local override; warning
    @(149.2545 mm, 87.7840 mm): Pad 10 [unconnected-(U2-Pad10)] of U2 on F.Cu
[net_conflict]: Pad net (unconnected-(U2-Pad11)) doesn't match net given by schematic (unconnected-(U2-RESV_4-Pad11)).
    Local override; warning
    @(149.2545 mm, 87.2840 mm): Pad 11 [unconnected-(U2-Pad11)] of U2 on F.Cu
[net_conflict]: Pad net (Net-(R7-Pad1)) doesn't match net given by schematic (Net-(U2-AP_CS)).
    Local override; warning
    @(148.5920 mm, 87.1215 mm): Pad 12 [Net-(R7-Pad1)] of U2 on F.Cu
[net_conflict]: Pad net (unconnected-(U3-Pad4)) doesn't match net given by schematic (unconnected-(U3-NC-Pad4)).
    Local override; warning
    @(142.1820 mm, 74.6000 mm): Pad 4 [unconnected-(U3-Pad4)] of U3 on F.Cu
[net_conflict]: Pad net (unconnected-(U3-Pad7)) doesn't match net given by schematic (unconnected-(U3-NC-Pad7)).
    Local override; warning
    @(142.1820 mm, 77.0000 mm): Pad 7 [unconnected-(U3-Pad7)] of U3 on F.Cu
[net_conflict]: Pad net (unconnected-(U3-Pad9)) doesn't match net given by schematic (unconnected-(U3-NC-Pad9)).
    Local override; warning
    @(142.1820 mm, 78.6000 mm): Pad 9 [unconnected-(U3-Pad9)] of U3 on F.Cu
[net_conflict]: Pad net (unconnected-(U3-Pad10)) doesn't match net given by schematic (unconnected-(U3-NC-Pad10)).
    Local override; warning
    @(142.1820 mm, 79.4000 mm): Pad 10 [unconnected-(U3-Pad10)] of U3 on F.Cu
[net_conflict]: Pad net (unconnected-(U3-Pad15)) doesn't match net given by schematic (unconnected-(U3-NC-Pad15)).
    Local override; warning
    @(145.6820 mm, 81.1000 mm): Pad 15 [unconnected-(U3-Pad15)] of U3 on F.Cu
[net_conflict]: Pad net (unconnected-(U3-Pad17)) doesn't match net given by schematic (unconnected-(U3-NC-Pad17)).
    Local override; warning
    @(147.2820 mm, 81.1000 mm): Pad 17 [unconnected-(U3-Pad17)] of U3 on F.Cu
[net_conflict]: Pad net (unconnected-(U3-Pad24)) doesn't match net given by schematic (unconnected-(U3-NC-Pad24)).
    Local override; warning
    @(152.8820 mm, 81.1000 mm): Pad 24 [unconnected-(U3-Pad24)] of U3 on F.Cu
[net_conflict]: Pad net (unconnected-(U3-Pad25)) doesn't match net given by schematic (unconnected-(U3-NC-Pad25)).
    Local override; warning
    @(153.9820 mm, 80.2000 mm): Pad 25 [unconnected-(U3-Pad25)] of U3 on F.Cu
[net_conflict]: Pad net (unconnected-(U3-Pad28)) doesn't match net given by schematic (unconnected-(U3-NC-Pad28)).
    Local override; warning
    @(153.9820 mm, 77.8000 mm): Pad 28 [unconnected-(U3-Pad28)] of U3 on F.Cu
[net_conflict]: Pad net (unconnected-(U3-Pad29)) doesn't match net given by schematic (unconnected-(U3-NC-Pad29)).
    Local override; warning
    @(153.9820 mm, 77.0000 mm): Pad 29 [unconnected-(U3-Pad29)] of U3 on F.Cu
[net_conflict]: Pad net (unconnected-(U3-Pad32)) doesn't match net given by schematic (unconnected-(U3-NC-Pad32)).
    Local override; warning
    @(153.9820 mm, 74.6000 mm): Pad 32 [unconnected-(U3-Pad32)] of U3 on F.Cu
[net_conflict]: Pad net (unconnected-(U3-Pad33)) doesn't match net given by schematic (unconnected-(U3-NC-Pad33)).
    Local override; warning
    @(153.9820 mm, 73.8000 mm): Pad 33 [unconnected-(U3-Pad33)] of U3 on F.Cu
[net_conflict]: Pad net (unconnected-(U3-Pad34)) doesn't match net given by schematic (unconnected-(U3-NC-Pad34)).
    Local override; warning
    @(153.9820 mm, 73.0000 mm): Pad 34 [unconnected-(U3-Pad34)] of U3 on F.Cu
[net_conflict]: Pad net (unconnected-(U3-Pad35)) doesn't match net given by schematic (unconnected-(U3-NC-Pad35)).
    Local override; warning
    @(153.9820 mm, 72.2000 mm): Pad 35 [unconnected-(U3-Pad35)] of U3 on F.Cu
[net_conflict]: Pad net (unconnected-(U4-Pad3)) doesn't match net given by schematic (unconnected-(U4-N{slash}C-Pad3)).
    Local override; warning
    @(137.9220 mm, 81.5340 mm): PTH pad 3 [unconnected-(U4-Pad3)] of U4
[net_conflict]: Pad net (unconnected-(U4-Pad21)) doesn't match net given by schematic (unconnected-(U4-SPIQ{slash}GPIO17-Pad21)).
    Local override; warning
    @(158.2420 mm, 104.3940 mm): PTH pad 21 [unconnected-(U4-Pad21)] of U4
[net_conflict]: Pad net (unconnected-(U4-Pad22)) doesn't match net given by schematic (unconnected-(U4-SPID{slash}GPIO16-Pad22)).
    Local override; warning
    @(158.2420 mm, 101.8540 mm): PTH pad 22 [unconnected-(U4-Pad22)] of U4
[net_conflict]: Pad net (unconnected-(U4-Pad23)) doesn't match net given by schematic (unconnected-(U4-SPICLK{slash}GPIO15-Pad23)).
    Local override; warning
    @(158.2420 mm, 99.3140 mm): PTH pad 23 [unconnected-(U4-Pad23)] of U4
[net_conflict]: Pad net (unconnected-(U4-Pad24)) doesn't match net given by schematic (unconnected-(U4-SPIWP{slash}GPIO13-Pad24)).
    Local override; warning
    @(158.2420 mm, 96.7740 mm): PTH pad 24 [unconnected-(U4-Pad24)] of U4
[net_conflict]: Pad net (unconnected-(U4-Pad25)) doesn't match net given by schematic (unconnected-(U4-SPIHD{slash}GPIO12-Pad25)).
    Local override; warning
    @(158.2420 mm, 94.2340 mm): PTH pad 25 [unconnected-(U4-Pad25)] of U4
[net_conflict]: Pad net (Net-(C6-Pad2)) doesn't match net given by schematic (Net-(U5-FB)).
    Local override; warning
    @(151.2515 mm, 102.9360 mm): Pad 5 [Net-(C6-Pad2)] of U5 on F.Cu
[net_conflict]: Pad net (Net-(R14-Pad1)) doesn't match net given by schematic (Net-(U6-STAT)).
    Local override; warning
    @(146.4970 mm, 114.2945 mm): Pad 1 [Net-(R14-Pad1)] of U6 on F.Cu
[net_conflict]: Pad net (Net-(R9-Pad2)) doesn't match net given by schematic (Net-(U6-PROG)).
    Local override; warning
    @(146.4970 mm, 112.0195 mm): Pad 5 [Net-(R9-Pad2)] of U6 on F.Cu
[extra_footprint]: Extra footprint
    Local override; warning
    @(156.7180 mm, 81.0260 mm): Footprint kibuzzard-61B9EF98
[extra_footprint]: Extra footprint
    Local override; warning
    @(142.5956 mm, 93.5990 mm): Footprint kibuzzard-61B9CEAB
[extra_footprint]: Extra footprint
    Local override; warning
    @(153.6700 mm, 93.5990 mm): Footprint kibuzzard-61B9CE86
[extra_footprint]: Extra footprint
    Local override; warning
    @(142.4940 mm, 110.4900 mm): Footprint kibuzzard-61C05335
[extra_footprint]: Extra footprint
    Local override; warning
    @(144.1450 mm, 88.0340 mm): Footprint kibuzzard-61C05A1A
[extra_footprint]: Extra footprint
    Local override; warning
    @(148.1328 mm, 93.6244 mm): Footprint kibuzzard-61C05A22
[extra_footprint]: Extra footprint
    Local override; warning
    @(154.9400 mm, 119.6340 mm): Footprint kibuzzard-61C0F511
[extra_footprint]: Extra footprint
    Local override; warning
    @(154.9400 mm, 119.6340 mm): Footprint kibuzzard-61C0F551
[extra_footprint]: Extra footprint
    Local override; warning
    @(148.0820 mm, 84.5820 mm): Footprint kibuzzard-61B9CCBB
[extra_footprint]: Extra footprint
    Local override; warning
    @(148.0820 mm, 93.7260 mm): Footprint kibuzzard-61B9CE3D
[extra_footprint]: Extra footprint
    Local override; warning
    @(141.9860 mm, 86.6140 mm): Footprint kibuzzard-61C057D5
[extra_footprint]: Extra footprint
    Local override; warning
    @(141.9860 mm, 89.1540 mm): Footprint kibuzzard-61C057FD
[extra_footprint]: Extra footprint
    Local override; warning
    @(141.9860 mm, 91.6940 mm): Footprint kibuzzard-61C05804
[extra_footprint]: Extra footprint
    Local override; warning
    @(141.9860 mm, 94.2340 mm): Footprint kibuzzard-61C0588C
[extra_footprint]: Extra footprint
    Local override; warning
    @(153.1620 mm, 114.5540 mm): Footprint kibuzzard-61C05909
[extra_footprint]: Extra footprint
    Local override; warning
    @(153.1620 mm, 112.0140 mm): Footprint kibuzzard-61C05949
[extra_footprint]: Extra footprint
    Local override; warning
    @(153.1620 mm, 106.9340 mm): Footprint kibuzzard-61C0597E
[extra_footprint]: Extra footprint
    Local override; warning
    @(153.1620 mm, 109.4740 mm): Footprint kibuzzard-61C05975
[extra_footprint]: Extra footprint
    Local override; warning
    @(154.1780 mm, 86.6140 mm): Footprint kibuzzard-61C05B60
[extra_footprint]: Extra footprint
    Local override; warning
    @(154.1780 mm, 91.6940 mm): Footprint kibuzzard-61C05BAC
[extra_footprint]: Extra footprint
    Local override; warning
    @(154.1780 mm, 89.1540 mm): Footprint kibuzzard-61C05C0D
[extra_footprint]: Extra footprint
    Local override; warning
    @(141.9860 mm, 78.9940 mm): Footprint kibuzzard-61C05C87
[extra_footprint]: Extra footprint
    Local override; warning
    @(141.8590 mm, 76.4540 mm): Footprint kibuzzard-61C05C92
[extra_footprint]: Extra footprint
    Local override; warning
    @(142.4940 mm, 109.4740 mm): Footprint kibuzzard-61C05D58
[extra_footprint]: Extra footprint
    Local override; warning
    @(142.4940 mm, 112.0140 mm): Footprint kibuzzard-61C05D75
[extra_footprint]: Extra footprint
    Local override; warning
    @(143.0020 mm, 114.5540 mm): Footprint kibuzzard-61C05DB0
[extra_footprint]: Extra footprint
    Local override; warning
    @(148.0820 mm, 70.6120 mm): Footprint G***
[extra_footprint]: Extra footprint
    Local override; warning
    @(141.9860 mm, 96.7740 mm): Footprint kibuzzard-61C0F315
[extra_footprint]: Extra footprint
    Local override; warning
    @(141.9860 mm, 99.3140 mm): Footprint kibuzzard-61C0F325
[extra_footprint]: Extra footprint
    Local override; warning
    @(155.9560 mm, 99.3140 mm): Footprint kibuzzard-61C0F363
[extra_footprint]: Extra footprint
    Local override; warning
    @(154.6860 mm, 120.9040 mm): Footprint kibuzzard-61C0F3FF
[extra_footprint]: Extra footprint
    Local override; warning
    @(154.6860 mm, 118.3640 mm): Footprint kibuzzard-61C0F406
[extra_footprint]: Extra footprint
    Local override; warning
    @(149.7076 mm, 125.9840 mm): Footprint REF**
[extra_footprint]: Extra footprint
    Local override; warning
    @(146.4056 mm, 125.9840 mm): Footprint REF**

** End of Report **
